 PhysXCooking_64

 Timestamp is 631959f1 (Thu Sep  8 10:56:49 2022)

 Preferred load address is 0000000180000000

 Start         Length     Name                   Class
 0001:00000000 000003c0H .text$di                CODE
 0001:000003c0 00043ff0H .text$mn                CODE
 0001:000443b0 00000040H .text$mn$00             CODE
 0001:000443f0 00000490H .text$x                 CODE
 0002:00000000 00000258H .idata$5                DATA
 0002:00000258 00000028H .00cfg                  DATA
 0002:00000280 00000008H .CRT$XCA                DATA
 0002:00000288 000001e0H .CRT$XCU                DATA
 0002:00000468 00000008H .CRT$XCZ                DATA
 0002:00000470 00000008H .CRT$XIA                DATA
 0002:00000478 00000018H .CRT$XIC                DATA
 0002:00000490 00000008H .CRT$XIZ                DATA
 0002:00000498 00000008H .CRT$XPA                DATA
 0002:000004a0 00000010H .CRT$XPX                DATA
 0002:000004b0 00000008H .CRT$XPXA               DATA
 0002:000004b8 00000008H .CRT$XPZ                DATA
 0002:000004c0 00000008H .CRT$XTA                DATA
 0002:000004c8 00000008H .CRT$XTZ                DATA
 0002:000004d0 00000000H .gehcont$y              DATA
 0002:000004d0 00000000H .gfids$y                DATA
 0002:000004d0 0000b5b0H .rdata                  DATA
 0002:0000ba80 00000000H .rdata$CastGuardVftablesA DATA
 0002:0000ba80 00000000H .rdata$CastGuardVftablesC DATA
 0002:0000ba80 0000043cH .rdata$r                DATA
 0002:0000bebc 00000024H .rdata$voltmd           DATA
 0002:0000bee0 00000418H .rdata$zzzdbg           DATA
 0002:0000c2f8 00000008H .rtc$IAA                DATA
 0002:0000c300 00000008H .rtc$IZZ                DATA
 0002:0000c308 00000008H .rtc$TAA                DATA
 0002:0000c310 00000008H .rtc$TZZ                DATA
 0002:0000c318 00003df0H .xdata                  DATA
 0002:00010108 00000084H .xdata$x                DATA
 0002:0001018c 00000040H .didat$2                DATA
 0002:000101cc 00000024H .didat$3                DATA
 0002:000101f0 00000188H .didat$4                DATA
 0002:00010378 00000950H .didat$6                DATA
 0002:00010cc8 00000188H .didat$7                DATA
 0002:00010e50 00001d00H .edata                  DATA
 0002:00012b50 00000014H .idata$2                DATA
 0002:00012b64 00000014H .idata$3                DATA
 0002:00012b78 00000258H .idata$4                DATA
 0002:00012dd0 0000057cH .idata$6                DATA
 0003:00000000 00000a30H .data                   DATA
 0003:00000a30 000005e8H .data$r                 DATA
 0003:00001018 000000f0H .data$rs                DATA
 0003:00001108 00000188H .didat$5                DATA
 0003:00001290 000015e0H .bss                    DATA
 0004:00000000 000032f4H .pdata                  DATA
 0005:00000000 0000230cH _RDATA                  DATA
 0006:00000000 000000a0H .rsrc$01                DATA
 0006:000000a0 000004b0H .rsrc$02                DATA

  Address         Publics by Value              Rva+Base               Lib:Object

 0000:00000000       __guard_longjmp_table      0000000000000000     <absolute>
 0000:00000000       __x64_code_ranges_to_entry_points_count 0000000000000000     <absolute>
 0000:00000000       __arm64x_redirection_metadata 0000000000000000     <absolute>
 0000:00000000       __guard_fids_count         0000000000000000     <absolute>
 0000:00000000       __guard_iat_table          0000000000000000     <absolute>
 0000:00000000       __arm64x_extra_rfe_table   0000000000000000     <absolute>
 0000:00000000       ___safe_se_handler_table   0000000000000000     <absolute>
 0000:00000000       __guard_iat_count          0000000000000000     <absolute>
 0000:00000000       __guard_longjmp_count      0000000000000000     <absolute>
 0000:00000000       __hybrid_code_map          0000000000000000     <absolute>
 0000:00000000       __dynamic_value_reloc_table 0000000000000000     <absolute>
 0000:00000000       __arm64x_extra_rfe_table_size 0000000000000000     <absolute>
 0000:00000000       ___safe_se_handler_count   0000000000000000     <absolute>
 0000:00000000       __hybrid_auxiliary_iat     0000000000000000     <absolute>
 0000:00000000       __x64_code_ranges_to_entry_points 0000000000000000     <absolute>
 0000:00000000       __hybrid_auxiliary_iat_copy 0000000000000000     <absolute>
 0000:00000000       __AbsoluteZero             0000000000000000     <absolute>
 0000:00000000       __guard_check_icall_a64n_fptr 0000000000000000     <absolute>
 0000:00000000       __guard_eh_cont_count      0000000000000000     <absolute>
 0000:00000000       __guard_fids_table         0000000000000000     <absolute>
 0000:00000000       __arm64x_redirection_metadata_count 0000000000000000     <absolute>
 0000:00000000       __enclave_config           0000000000000000     <absolute>
 0000:00000000       __guard_eh_cont_table      0000000000000000     <absolute>
 0000:00000000       __arm64x_native_entrypoint 0000000000000000     <absolute>
 0000:00000000       __hybrid_code_map_count    0000000000000000     <absolute>
 0000:00000100       __guard_flags              0000000000000100     <absolute>
 0000:00000000       __ImageBase                0000000180000000     <linker-defined>
 0001:000003c0       ??$?_UV?$ReflectionAllocator@VAdjTriangle@physx@@@shdfnd@physx@@@UserAllocated@shdfnd@physx@@SAPEAX_KV?$ReflectionAllocator@VAdjTriangle@physx@@@12@PEBDH@Z 00000001800013c0 f i Adjacencies.obj
 0001:00000460       ??0AdjacenciesBuilder@physx@@QEAA@XZ 0000000180001460 f   Adjacencies.obj
 0001:00000470       ??4Allocator@shdfnd@physx@@QEAAAEAV012@AEBV012@@Z 0000000180001470 f i Adjacencies.obj
 0001:00000470       ??0AABBTreeBuildNode@Gu@physx@@QEAA@XZ 0000000180001470 f i BVHStructureBuilder.obj
 0001:00000470       ??$forward@_K@std@@YA$$QEA_KAEA_K@Z 0000000180001470 f i libvcruntime:undname.obj
 0001:00000470       ??0HeightFieldData@Gu@physx@@QEAA@W4PxEMPTY@2@@Z 0000000180001470 f i Cooking.obj
 0001:00000470       ?getPaddedBounds@HeightFieldData@Gu@physx@@QEBAAEBVCenterExtentsPadded@23@XZ 0000000180001470 f i Cooking.obj
 0001:00000470       ??4Allocator@shdfnd@physx@@QEAAAEAV012@$$QEAV012@@Z 0000000180001470 f i Adjacencies.obj
 0001:00000470       ??0Box@Gu@physx@@QEAA@XZ   0000000180001470 f i ConvexHullUtils.obj
 0001:00000470       ??0BigConvexData@physx@@QEAA@W4PxEMPTY@1@@Z 0000000180001470 f i BigConvexDataBuilder.obj
 0001:00000470       ??4MutexImpl@shdfnd@physx@@QEAAAEAV012@AEBV012@@Z 0000000180001470 f i Adjacencies.obj
 0001:00000470       ??0Allocator@shdfnd@physx@@QEAA@PEBD@Z 0000000180001470 f i Adjacencies.obj
 0001:00000470       ?getAABB@AABBTreeBuildNode@Gu@physx@@QEBAAEBVPxBounds3@3@XZ 0000000180001470 f i BVHStructureBuilder.obj
 0001:00000470       ??4PxFoundation@physx@@QEAAAEAV01@AEBV01@@Z 0000000180001470 f i Adjacencies.obj
 0001:00000480       ??0PxFoundation@physx@@QEAA@XZ 0000000180001480 f i Adjacencies.obj
 0001:00000480       ??0PxFoundation@physx@@QEAA@AEBV01@@Z 0000000180001480 f i Adjacencies.obj
 0001:00000490       ??1Adjacencies@physx@@QEAA@XZ 0000000180001490 f   Adjacencies.obj
 0001:00000500       ??1AdjacenciesBuilder@physx@@QEAA@XZ 0000000180001500 f   Adjacencies.obj
 0001:00000510       ??1PxFoundation@physx@@MEAA@XZ 0000000180001510 f i Adjacencies.obj
 0001:00000520       ??_EPxFoundation@physx@@MEAAPEAXI@Z 0000000180001520 f i Adjacencies.obj
 0001:000005b0       ??1Box@Gu@physx@@QEAA@XZ   00000001800015b0 f i ConvexHullUtils.obj
 0001:000005b0       ??_FAllocator@shdfnd@physx@@QEAAXXZ 00000001800015b0 f i Adjacencies.obj
 0001:000005b0       ??1BigConvexDataBuilder@physx@@QEAA@XZ 00000001800015b0 f i BigConvexDataBuilder.obj
 0001:000005b0       ??1AABBTreeBuildNode@Gu@physx@@QEAA@XZ 00000001800015b0 f i BVHStructureBuilder.obj
 0001:000005b0       ??1HeightFieldData@Gu@physx@@QEAA@XZ 00000001800015b0 f i Cooking.obj
 0001:000005b0       ?onMeshIndexFormatChange@TriangleMeshBuilder@physx@@UEAAXXZ 00000001800015b0 f i TriangleMeshBuilder.obj
 0001:000005b0       _guard_check_icall_nop     00000001800015b0 f i LIBCMT:guard_support.obj
 0001:000005c0       ?ComputeNbBoundaryEdges@Adjacencies@physx@@QEBAIXZ 00000001800015c0 f   Adjacencies.obj
 0001:000008a0       ?GetNbHits@RadixSort@Cm@physx@@QEBAIXZ 00000001800018a0 f i Adjacencies.obj
 0001:000008b0       ?GetNbTotalCalls@RadixSort@Cm@physx@@QEBAIXZ 00000001800018b0 f i Adjacencies.obj
 0001:000008c0       ?GetRanks@RadixSort@Cm@physx@@QEBAPEBIXZ 00000001800018c0 f i Adjacencies.obj
 0001:000008c0       ?getErrorCallback@Foundation@shdfnd@physx@@UEAAAEAVPxErrorCallback@3@XZ 00000001800018c0 f i Adjacencies.obj
 0001:000008d0       ?getPos@AABBTreeBuildNode@Gu@physx@@QEBAPEBV123@XZ 00000001800018d0 f i BVHStructureBuilder.obj
 0001:000008d0       ?GetRecyclable@RadixSort@Cm@physx@@QEBAPEAIXZ 00000001800018d0 f i Adjacencies.obj
 0001:000008d0       ?GetValencies@BigConvexData@physx@@QEBAPEBUValency@Gu@2@XZ 00000001800018d0 f i BigConvexDataBuilder.obj
 0001:000008e0       ?Init@AdjacenciesBuilder@physx@@QEAA_NAEBUADJACENCIESCREATE@2@@Z 00000001800018e0 f   Adjacencies.obj
 0001:00000e90       ?getAllocator@Foundation@shdfnd@physx@@QEAAAEAVPxAllocatorCallback@3@XZ 0000000180001e90 f i Adjacencies.obj
 0001:00000ea0       ?getAllocatorCallback@Foundation@shdfnd@physx@@UEAAAEAVPxAllocatorCallback@3@XZ 0000000180001ea0 f i Adjacencies.obj
 0001:00000eb0       ?getErrorLevel@Foundation@shdfnd@physx@@UEBA?AW4Enum@PxErrorCode@3@XZ 0000000180001eb0 f i Adjacencies.obj
 0001:00000ec0       ?getInternalErrorCallback@Foundation@shdfnd@physx@@QEAAAEAVPxErrorCallback@3@XZ 0000000180001ec0 f i Adjacencies.obj
 0001:00000ed0       ?getNamedAllocMap@Foundation@shdfnd@physx@@QEAAAEAV?$HashMap@PEBVNamedAllocator@shdfnd@physx@@PEBDU?$Hash@PEBVNamedAllocator@shdfnd@physx@@@23@VNonTrackingAllocator@23@@23@XZ 0000000180001ed0 f i Adjacencies.obj
 0001:00000ee0       ?getNamedAllocMutex@Foundation@shdfnd@physx@@QEAAAEAV?$MutexT@VAllocator@shdfnd@physx@@@23@XZ 0000000180001ee0 f i Adjacencies.obj
 0001:00000ef0       ?getReportAllocationNames@Foundation@shdfnd@physx@@UEBA_NXZ 0000000180001ef0 f i Adjacencies.obj
 0001:00000f00       ?getTempAllocFreeTable@Foundation@shdfnd@physx@@QEAAAEAV?$Array@PEATTempAllocatorChunk@shdfnd@physx@@VAllocator@23@@23@XZ 0000000180001f00 f i Adjacencies.obj
 0001:00000f10       ?getTempAllocMutex@Foundation@shdfnd@physx@@QEAAAEAV?$MutexT@VAllocator@shdfnd@physx@@@23@XZ 0000000180001f10 f i Adjacencies.obj
 0001:00000f20       ?invalidateRanks@RadixSort@Cm@physx@@QEAAXXZ 0000000180001f20 f i Adjacencies.obj
 0001:00000f30       ?setErrorLevel@Foundation@shdfnd@physx@@UEAAXW4Enum@PxErrorCode@3@@Z 0000000180001f30 f i Adjacencies.obj
 0001:00000f40       ?setReportAllocationNames@Foundation@shdfnd@physx@@UEAAX_N@Z 0000000180001f40 f i Adjacencies.obj
 0001:00000f50       ??0DebugText@Cm@physx@@QEAA@$$QEAU012@@Z 0000000180001f50 f i Cooking.obj
 0001:00000f50       ??0DebugText@Cm@physx@@QEAA@AEBU012@@Z 0000000180001f50 f i Cooking.obj
 0001:00001030       ??4HeightFieldData@Gu@physx@@QEAAAEAU012@AEBU012@@Z 0000000180002030 f i Cooking.obj
 0001:00001030       ??0HeightFieldData@Gu@physx@@QEAA@AEBU012@@Z 0000000180002030 f i Cooking.obj
 0001:00001030       ??0HeightFieldData@Gu@physx@@QEAA@$$QEAU012@@Z 0000000180002030 f i Cooking.obj
 0001:00001030       ??4HeightFieldData@Gu@physx@@QEAAAEAU012@$$QEAU012@@Z 0000000180002030 f i Cooking.obj
 0001:00001090       ??0HeightFieldData@Gu@physx@@QEAA@XZ 0000000180002090 f i Cooking.obj
 0001:000010a0       ??0RenderOutput@Cm@physx@@QEAA@AEAVRenderBuffer@12@@Z 00000001800020a0 f i Cooking.obj
 0001:000010f0       ??0RenderOutput@Cm@physx@@QEAA@AEBV012@@Z 00000001800020f0 f i Cooking.obj
 0001:00001190       ??1PxHeightField@physx@@MEAA@XZ 0000000180002190 f i Cooking.obj
 0001:00001190       ??1PxConvexMesh@physx@@MEAA@XZ 0000000180002190 f i Cooking.obj
 0001:000011a0       ??4DebugText@Cm@physx@@QEAAAEAU012@AEBU012@@Z 00000001800021a0 f i Cooking.obj
 0001:000011a0       ??4DebugText@Cm@physx@@QEAAAEAU012@$$QEAU012@@Z 00000001800021a0 f i Cooking.obj
 0001:000012d0       ??4FPUGuard@shdfnd@physx@@QEAAAEAV012@AEBV012@@Z 00000001800022d0 f i Cooking.obj
 0001:000012f0       ??_ECooking@physx@@UEAAPEAXI@Z 00000001800022f0 f i Cooking.obj
 0001:000012f0       ??_GCooking@physx@@UEAAPEAXI@Z 00000001800022f0 f i Cooking.obj
 0001:00001340       ??_GPxBase@physx@@MEAAPEAXI@Z 0000000180002340 f i Cooking.obj
 0001:00001340       ??_EPxBase@physx@@MEAAPEAXI@Z 0000000180002340 f i Cooking.obj
 0001:00001370       ??_GPxCooking@physx@@MEAAPEAXI@Z 0000000180002370 f i Cooking.obj
 0001:00001370       ??_EPxCooking@physx@@MEAAPEAXI@Z 0000000180002370 f i Cooking.obj
 0001:000013a0       ?allocate@?$Array@UPxDebugLine@physx@@V?$ReflectionAllocator@UPxDebugLine@physx@@@shdfnd@2@@shdfnd@physx@@IEAAPEAUPxDebugLine@3@I@Z 00000001800023a0 f i Cooking.obj
 0001:00001440       ?computeHullPolygons@Cooking@physx@@UEBA_NAEBVPxSimpleTriangleMesh@2@AEAVPxAllocatorCallback@2@AEAIAEAPEAVPxVec3@2@2AEAPEAI2AEAPEAUPxHullPolygon@2@@Z 0000000180002440 f   Cooking.obj
 0001:00001620       ?cookBVHStructure@Cooking@physx@@UEBA_NAEBVPxBVHStructureDesc@2@AEAVPxOutputStream@2@@Z 0000000180002620 f   Cooking.obj
 0001:000016d0       ?cookConvexMesh@Cooking@physx@@UEBA_NAEBVPxConvexMeshDesc@2@AEAVPxOutputStream@2@PEAW4Enum@PxConvexMeshCookingResult@2@@Z 00000001800026d0 f   Cooking.obj
 0001:000018b0       ?cookConvexMeshInternal@Cooking@physx@@AEBA_NAEBVPxConvexMeshDesc@2@AEAVConvexMeshBuilder@2@PEAVConvexHullLib@2@PEAW4Enum@PxConvexMeshCookingResult@2@@Z 00000001800028b0 f   Cooking.obj
 0001:00001b20       ?cookHeightField@Cooking@physx@@UEBA_NAEBVPxHeightFieldDesc@2@AEAVPxOutputStream@2@@Z 0000000180002b20 f   Cooking.obj
 0001:00001bf0       ?cookTriangleMesh@Cooking@physx@@UEBA_NAEBVPxTriangleMeshDesc@2@AEAVPxOutputStream@2@PEAW4Enum@PxTriangleMeshCookingResult@2@@Z 0000000180002bf0 f   Cooking.obj
 0001:00001d30       ?copy@?$Array@UPxDebugLine@physx@@V?$ReflectionAllocator@UPxDebugLine@physx@@@shdfnd@2@@shdfnd@physx@@KAXPEAUPxDebugLine@3@0PEBU43@@Z 0000000180002d30 f i Cooking.obj
 0001:00001ee0       ?createBVHStructure@Cooking@physx@@UEBAPEAVPxBVHStructure@2@AEBVPxBVHStructureDesc@2@AEAVPxPhysicsInsertionCallback@2@@Z 0000000180002ee0 f   Cooking.obj
 0001:00001f90       ?createConvexMesh@Cooking@physx@@UEBAPEAVPxConvexMesh@2@AEBVPxConvexMeshDesc@2@AEAVPxPhysicsInsertionCallback@2@PEAW4Enum@PxConvexMeshCookingResult@2@@Z 0000000180002f90 f   Cooking.obj
 0001:00002190       ?createHeightField@Cooking@physx@@UEBAPEAVPxHeightField@2@AEBVPxHeightFieldDesc@2@AEAVPxPhysicsInsertionCallback@2@@Z 0000000180003190 f   Cooking.obj
 0001:000022f0       ?createTriangleMesh@Cooking@physx@@UEBAPEAVPxTriangleMesh@2@AEBVPxTriangleMeshDesc@2@AEAVPxPhysicsInsertionCallback@2@PEAW4Enum@PxTriangleMeshCookingResult@2@@Z 00000001800032f0 f   Cooking.obj
 0001:00002440       ?getConcreteTypeName@PxConvexMesh@physx@@UEBAPEBDXZ 0000000180003440 f i Cooking.obj
 0001:00002450       ?getConcreteTypeName@PxHeightField@physx@@UEBAPEBDXZ 0000000180003450 f i Cooking.obj
 0001:00002460       ?getConvexEdgeThreshold@HeightField@Gu@physx@@UEBAMXZ 0000000180003460 f i Cooking.obj
 0001:00002470       ?getFlags@HeightField@Gu@physx@@UEBA?AV?$PxFlags@W4Enum@PxHeightFieldFlag@physx@@G@3@XZ 0000000180003470 f i Cooking.obj
 0001:00002480       ?getFormat@HeightField@Gu@physx@@UEBA?AW4Enum@PxHeightFieldFormat@3@XZ 0000000180003480 f i Cooking.obj
 0001:00002490       ?getHeight@HeightField@Gu@physx@@UEBAMMM@Z 0000000180003490 f i Cooking.obj
 0001:000024d0       ?getHeightInternal2@HeightField@Gu@physx@@QEBAMIMM@Z 00000001800034d0 f i Cooking.obj
 0001:00002640       ?getIndexBuffer@ConvexMesh@Gu@physx@@UEBAPEBEXZ 0000000180003640 f i Cooking.obj
 0001:00002680       ?getNbColumns@HeightField@Gu@physx@@UEBAIXZ 0000000180003680 f i Cooking.obj
 0001:00002690       ?getNbPolygons@ConvexMesh@Gu@physx@@UEBAIXZ 0000000180003690 f i Cooking.obj
 0001:000026a0       ?getNbRows@HeightField@Gu@physx@@UEBAIXZ 00000001800036a0 f i Cooking.obj
 0001:000026b0       ?getNbVertices@ConvexMesh@Gu@physx@@UEBAIXZ 00000001800036b0 f i Cooking.obj
 0001:000026c0       ?getDenormalizeScale@QuantizerImpl@@UEBAAEBVPxVec3@physx@@XZ 00000001800036c0 f   Quantizer.obj
 0001:000026c0       ?getParams@Cooking@physx@@UEBAAEBUPxCookingParams@2@XZ 00000001800036c0 f   Cooking.obj
 0001:000026d0       ?getSample@HeightField@Gu@physx@@UEBAAEBUPxHeightFieldSample@3@II@Z 00000001800036d0 f i Cooking.obj
 0001:000026e0       ?getSampleStride@HeightField@Gu@physx@@UEBAIXZ 00000001800036e0 f i Cooking.obj
 0001:000026f0       ?getTimestamp@HeightField@Gu@physx@@UEBAIXZ 00000001800036f0 f i Cooking.obj
 0001:00002700       ?getTriangleMaterialIndex@HeightField@Gu@physx@@UEBAGI@Z 0000000180003700 f i Cooking.obj
 0001:00002730       ?getTriangleNormal@HeightField@Gu@physx@@UEBA?AVPxVec3@3@I@Z 0000000180003730 f i Cooking.obj
 0001:00002830       ?getVertices@ConvexMesh@Gu@physx@@UEBAPEBVPxVec3@3@XZ 0000000180003830 f i Cooking.obj
 0001:00002850       ?isKindOf@PxBase@physx@@MEBA_NPEBD@Z 0000000180003850 f i Cooking.obj
 0001:00002880       ?isKindOf@PxConvexMesh@physx@@MEBA_NPEBD@Z 0000000180003880 f i Cooking.obj
 0001:000028d0       ?isKindOf@PxHeightField@physx@@MEBA_NPEBD@Z 00000001800038d0 f i Cooking.obj
 0001:00002920       ?isReleasable@PxBase@physx@@UEBA_NXZ 0000000180003920 f i Cooking.obj
 0001:00002930       ?outputSegment@RenderOutput@Cm@physx@@QEAAXAEBVPxVec3@3@0@Z 0000000180003930 f i Cooking.obj
 0001:000029f0       ?platformMismatch@Cooking@physx@@UEBA_NXZ 00000001800039f0 f   Cooking.obj
 0001:00002a00       ?preExportDataReset@ConvexMesh@Gu@physx@@QEAAXXZ 0000000180003a00 f i Cooking.obj
 0001:00002a00       ?preExportDataReset@HeightField@Gu@physx@@QEAAXXZ 0000000180003a00 f i Cooking.obj
 0001:00002a10       ?recreate@?$Array@UPxDebugLine@physx@@V?$ReflectionAllocator@UPxDebugLine@physx@@@shdfnd@2@@shdfnd@physx@@IEAAXI@Z 0000000180003a10 f i Cooking.obj
 0001:00002aa0       ?release@Cooking@physx@@UEAAXXZ 0000000180003aa0 f   Cooking.obj
 0001:00002ac0       ?reserveSegments@RenderOutput@Cm@physx@@QEAAPEAUPxDebugLine@3@I@Z 0000000180003ac0 f i Cooking.obj
 0001:00002b30       ?setParams@Cooking@physx@@UEAAXAEBUPxCookingParams@2@@Z 0000000180003b30 f   Cooking.obj
 0001:00002b90       ?validateConvexMesh@Cooking@physx@@UEBA_NAEBVPxConvexMeshDesc@2@@Z 0000000180003b90 f   Cooking.obj
 0001:00002bf0       ?validateTriangleMesh@Cooking@physx@@UEBA_NAEBVPxTriangleMeshDesc@2@@Z 0000000180003bf0 f   Cooking.obj
 0001:00002d00       PxCreateCooking            0000000180003d00 f   Cooking.obj
 0001:00002df0       ??0ReducedVertexCloud@physx@@QEAA@PEBVPxVec3@1@I@Z 0000000180003df0 f   CookingUtils.obj
 0001:00002e10       ??1ReducedVertexCloud@physx@@QEAA@XZ 0000000180003e10 f   CookingUtils.obj
 0001:00002e20       ?Clean@ReducedVertexCloud@physx@@QEAAAEAV12@XZ 0000000180003e20 f   CookingUtils.obj
 0001:00002e90       ?Reduce@ReducedVertexCloud@physx@@QEAA_NPEAUREDUCEDCLOUD@2@@Z 0000000180003e90 f   CookingUtils.obj
 0001:000031b0       ??$?_UI@@YAPEAX_KV?$ReflectionAllocator@I@shdfnd@physx@@PEBDH@Z 00000001800041b0 f i EdgeList.obj
 0001:00003250       ??0EdgeListBuilder@Gu@physx@@QEAA@XZ 0000000180004250 f   EdgeList.obj
 0001:00003270       ??1EdgeList@Gu@physx@@QEAA@XZ 0000000180004270 f   EdgeList.obj
 0001:00003310       ??1EdgeListBuilder@Gu@physx@@QEAA@XZ 0000000180004310 f   EdgeList.obj
 0001:00003320       ?computeActiveEdges@EdgeListBuilder@Gu@physx@@AEAA_NIPEBIPEBGPEBVPxVec3@3@M@Z 0000000180004320 f   EdgeList.obj
 0001:00004960       ?createEdgesToFaces@EdgeListBuilder@Gu@physx@@AEAA_NIPEBIPEBG@Z 0000000180005960 f   EdgeList.obj
 0001:00004bc0       ?createFacesToEdges@EdgeListBuilder@Gu@physx@@AEAA_NIPEBIPEBG@Z 0000000180005bc0 f   EdgeList.obj
 0001:00005030       ?init@EdgeListBuilder@Gu@physx@@QEAA_NAEBUEDGELISTCREATE@23@@Z 0000000180006030 f   EdgeList.obj
 0001:00005160       ??0MeshCleaner@physx@@QEAA@IPEBVPxVec3@1@IPEBIM@Z 0000000180006160 f   MeshCleaner.obj
 0001:00005b00       ??1MeshCleaner@physx@@QEAA@XZ 0000000180006b00 f   MeshCleaner.obj
 0001:00005b90       ??$kmeans_cluster@VPxVec3@physx@@M@@YAIPEBVPxVec3@physx@@IIPEAV01@PEAIMM@Z 0000000180006b90 f i Quantizer.obj
 0001:000064b0       ??_EQuantizer@physx@@MEAAPEAXI@Z 00000001800074b0 f i Quantizer.obj
 0001:000064b0       ??_GQuantizer@physx@@MEAAPEAXI@Z 00000001800074b0 f i Quantizer.obj
 0001:000064e0       ??_EQuantizerImpl@@EEAAPEAXI@Z 00000001800074e0 f i Quantizer.obj
 0001:000064e0       ??_GQuantizerImpl@@EEAAPEAXI@Z 00000001800074e0 f i Quantizer.obj
 0001:000065b0       ?createQuantizer@physx@@YAPEAVQuantizer@1@XZ 00000001800075b0 f   Quantizer.obj
 0001:00006660       ?getDenormalizeCenter@QuantizerImpl@@UEBAAEBVPxVec3@physx@@XZ 0000000180007660 f i Quantizer.obj
 0001:00006670       ?growAndPushBack@?$Array@VPxVec3@physx@@V?$ReflectionAllocator@VPxVec3@physx@@@shdfnd@2@@shdfnd@physx@@IEAAAEAVPxVec3@3@AEBV43@@Z 0000000180007670 f i Quantizer.obj
 0001:00006840       ?kmeansQuantize3D@QuantizerImpl@@UEAAPEBVPxVec3@physx@@IPEBV23@I_NIAEAI@Z 0000000180007840 f i Quantizer.obj
 0001:00006aa0       ?normalizeInput@QuantizerImpl@@AEAAXIPEBVPxVec3@physx@@I@Z 0000000180007aa0 f i Quantizer.obj
 0001:00006ed0       ?release@QuantizerImpl@@UEAAXXZ 0000000180007ed0 f i Quantizer.obj
 0001:00006ef0       ??$copy@V?$ReflectionAllocator@USlab@NodeAllocator@Gu@physx@@@shdfnd@physx@@@?$Array@USlab@NodeAllocator@Gu@physx@@V?$ReflectionAllocator@USlab@NodeAllocator@Gu@physx@@@shdfnd@4@@shdfnd@physx@@IEAAXAEBV012@@Z 0000000180007ef0 f i BVHStructureBuilder.obj
 0001:00006f70       ??0AABBTreeBuildNode@Gu@physx@@QEAA@AEBV012@@Z 0000000180007f70 f i BVHStructureBuilder.obj
 0001:00006f70       ??4AABBTreeBuildNode@Gu@physx@@QEAAAEAV012@AEBV012@@Z 0000000180007f70 f i BVHStructureBuilder.obj
 0001:00006fb0       ??0AABBTreeBuildParams@Gu@physx@@QEAA@IIPEBVPxBounds3@2@@Z 0000000180007fb0 f i BVHStructureBuilder.obj
 0001:00006fd0       ??0BVHStructureBuilder@physx@@QEAA@XZ 0000000180007fd0 f   BVHStructureBuilder.obj
 0001:00006ff0       ??0BuildStats@Gu@physx@@QEAA@XZ 0000000180007ff0 f i BVHStructureBuilder.obj
 0001:00007000       ??0NodeAllocator@Gu@physx@@QEAA@AEBV012@@Z 0000000180008000 f i BVHStructureBuilder.obj
 0001:00007040       ??1AABBTreeBuildParams@Gu@physx@@QEAA@XZ 0000000180008040 f i BVHStructureBuilder.obj
 0001:00007040       ?reset@AABBTreeBuildParams@Gu@physx@@QEAAXXZ 0000000180008040 f i BVHStructureBuilder.obj
 0001:000070a0       ??1BVHStructureBuilder@physx@@QEAA@XZ 00000001800080a0 f   BVHStructureBuilder.obj
 0001:00007120       ??4AABBTreeBuildParams@Gu@physx@@QEAAAEAV012@AEBV012@@Z 0000000180008120 f i BVHStructureBuilder.obj
 0001:00007140       ??4BuildStats@Gu@physx@@QEAAAEAU012@$$QEAU012@@Z 0000000180008140 f i BVHStructureBuilder.obj
 0001:00007150       ??4BuildStats@Gu@physx@@QEAAAEAU012@AEBU012@@Z 0000000180008150 f i BVHStructureBuilder.obj
 0001:00007160       ??4NodeAllocator@Gu@physx@@QEAAAEAV012@AEBV012@@Z 0000000180008160 f i BVHStructureBuilder.obj
 0001:00007210       ??_FAABBTreeBuildParams@Gu@physx@@QEAAXXZ 0000000180008210 f i BVHStructureBuilder.obj
 0001:00007230       ??_V@YAXPEAX_K@Z           0000000180008230 f i LIBCMT:delete_array_size.obj
 0001:00007230       ?__global_delete@@YAXPEAX_K@Z 0000000180008230 f i BVHStructureBuilder.obj
 0001:00007240       ?allocate@?$Array@USlab@NodeAllocator@Gu@physx@@V?$ReflectionAllocator@USlab@NodeAllocator@Gu@physx@@@shdfnd@4@@shdfnd@physx@@IEAAPEAUSlab@NodeAllocator@Gu@3@I@Z 0000000180008240 f i BVHStructureBuilder.obj
 0001:000072e0       ?getCount@BuildStats@Gu@physx@@QEBAIXZ 00000001800082e0 f i BVHStructureBuilder.obj
 0001:000072f0       ?getNbRuntimePrimitives@AABBTreeBuildNode@Gu@physx@@QEBAIXZ 00000001800082f0 f i BVHStructureBuilder.obj
 0001:000072f0       ?getNbPrimitives@AABBTreeBuildNode@Gu@physx@@QEBAIXZ 00000001800082f0 f i BVHStructureBuilder.obj
 0001:00007300       ?getNeg@AABBTreeBuildNode@Gu@physx@@QEBAPEBV123@XZ 0000000180008300 f i BVHStructureBuilder.obj
 0001:00007320       ?getPrimitives@AABBTreeBuildNode@Gu@physx@@QEBAPEBIPEBI@Z 0000000180008320 f i BVHStructureBuilder.obj
 0001:00007320       ?getPrimitives@AABBTreeBuildNode@Gu@physx@@QEAAPEAIPEAI@Z 0000000180008320 f i BVHStructureBuilder.obj
 0001:00007330       ?increaseCount@BuildStats@Gu@physx@@QEAAXI@Z 0000000180008330 f i BVHStructureBuilder.obj
 0001:00007340       ?isLeaf@AABBTreeBuildNode@Gu@physx@@QEBA_NXZ 0000000180008340 f i BVHStructureBuilder.obj
 0001:00007350       ?loadFromDesc@BVHStructureBuilder@physx@@QEAA_NAEBVPxBVHStructureDesc@2@@Z 0000000180008350 f   BVHStructureBuilder.obj
 0001:00007820       ?moveData@BVHStructureBuilder@physx@@QEAAXAEAUBVHStructureData@Gu@2@@Z 0000000180008820 f   BVHStructureBuilder.obj
 0001:00007860       ?recreate@?$Array@USlab@NodeAllocator@Gu@physx@@V?$ReflectionAllocator@USlab@NodeAllocator@Gu@physx@@@shdfnd@4@@shdfnd@physx@@IEAAXI@Z 0000000180008860 f i BVHStructureBuilder.obj
 0001:00007910       ?reset@BuildStats@Gu@physx@@QEAAXXZ 0000000180008910 f i BVHStructureBuilder.obj
 0001:00007920       ?save@BVHStructureBuilder@physx@@QEBA_NAEAVPxOutputStream@2@_N@Z 0000000180008920 f   BVHStructureBuilder.obj
 0001:00007aa0       ?setCount@BuildStats@Gu@physx@@QEAAXI@Z 0000000180008aa0 f i BVHStructureBuilder.obj
 0001:00007ab0       ?setNbRunTimePrimitives@AABBTreeBuildNode@Gu@physx@@QEAAXI@Z 0000000180008ab0 f i BVHStructureBuilder.obj
 0001:00007ac0       ?saveHeightField@physx@@YA_NAEBVHeightField@Gu@1@AEAVPxOutputStream@1@_N@Z 0000000180008ac0 f   HeightFieldCooking.obj
 0001:00007d00       ??$quickSelectFirstK@UBoundsLTE@physx@@@quickSelect@physx@@YAXPEIAIIIIAEBUBoundsLTE@1@@Z 0000000180008d00 f i RTreeCooking.obj
 0001:00007ee0       ??$smallSort@I$$CBUSortBoundsPredicate@physx@@@internal@shdfnd@physx@@YAXPEAIHHAEBUSortBoundsPredicate@2@@Z 0000000180008ee0 f i RTreeCooking.obj
 0001:000081b0       ??$sort@IU?$Less@I@shdfnd@physx@@V?$ReflectionAllocator@I@23@@shdfnd@physx@@YAXPEAIIAEBU?$Less@I@01@AEBV?$ReflectionAllocator@I@01@I@Z 00000001800091b0 f i RTreeCooking.obj
 0001:00008600       ??$sort@IUSortBoundsPredicate@physx@@V?$ReflectionAllocator@I@shdfnd@2@@shdfnd@physx@@YAXPEAIIAEBUSortBoundsPredicate@1@AEBV?$ReflectionAllocator@I@01@I@Z 0000000180009600 f i RTreeCooking.obj
 0001:00008b00       ?allocate@?$Array@UInterval@physx@@V?$InlineAllocator@$0CAAA@V?$ReflectionAllocator@UInterval@physx@@@shdfnd@physx@@@shdfnd@2@@shdfnd@physx@@IEAAPEAUInterval@3@I@Z 0000000180009b00 f i RTreeCooking.obj
 0001:00008bc0       ?allocate@?$Array@UPxBounds3V@physx@@V?$ReflectionAllocator@UPxBounds3V@physx@@@shdfnd@2@@shdfnd@physx@@IEAAPEAUPxBounds3V@3@I@Z 0000000180009bc0 f i RTreeCooking.obj
 0001:00008c60       ?allocate@?$Array@URTreeNodeNQ@physx@@V?$ReflectionAllocator@URTreeNodeNQ@physx@@@shdfnd@2@@shdfnd@physx@@IEAAPEAURTreeNodeNQ@3@I@Z 0000000180009c60 f i RTreeCooking.obj
 0001:00008d00       ?allocate@?$Array@URTreeNodeQ@Gu@physx@@V?$ReflectionAllocator@URTreeNodeQ@Gu@physx@@@shdfnd@3@@shdfnd@physx@@IEAAPEAURTreeNodeQ@Gu@3@I@Z 0000000180009d00 f i RTreeCooking.obj
 0001:00008da0       ?allocate@?$Array@VPxVec3@physx@@V?$ReflectionAllocator@VPxVec3@physx@@@shdfnd@2@@shdfnd@physx@@IEAAPEAVPxVec3@3@I@Z 0000000180009da0 f i RTreeCooking.obj
 0001:00008e40       ?allocate@?$ReflectionAllocator@I@shdfnd@physx@@QEAAPEAX_KPEBDH@Z 0000000180009e40 f i RTreeCooking.obj
 0001:00009b10       ?buildFromTriangles@RTreeCooker@physx@@SAXAEAURTree@Gu@2@PEBVPxVec3@2@IPEBGPEBIIAEAV?$Array@IV?$ReflectionAllocator@I@shdfnd@physx@@@shdfnd@2@PEAURemapCallback@12@MW4Enum@PxMeshCookingHint@2@@Z 000000018000ab10 f   RTreeCooking.obj
 0001:00009db0       ?copy@?$Array@URTreeNodeNQ@physx@@V?$ReflectionAllocator@URTreeNodeNQ@physx@@@shdfnd@2@@shdfnd@physx@@KAXPEAURTreeNodeNQ@3@0PEBU43@@Z 000000018000adb0 f i RTreeCooking.obj
 0001:00009f70       ?copy@?$Array@VPxVec3@physx@@V?$ReflectionAllocator@VPxVec3@physx@@@shdfnd@2@@shdfnd@physx@@KAXPEAVPxVec3@3@0PEBV43@@Z 000000018000af70 f i RTreeCooking.obj
 0001:0000a040       ?growAndPushBack@?$Array@IV?$ReflectionAllocator@I@shdfnd@physx@@@shdfnd@physx@@IEAAAEAIAEBI@Z 000000018000b040 f i RTreeCooking.obj
 0001:0000a110       ?growAndPushBack@?$Array@UInterval@physx@@V?$InlineAllocator@$0CAAA@V?$ReflectionAllocator@UInterval@physx@@@shdfnd@physx@@@shdfnd@2@@shdfnd@physx@@IEAAAEAUInterval@3@AEBU43@@Z 000000018000b110 f i RTreeCooking.obj
 0001:0000a1f0       ?growAndPushBack@?$Array@UPxBounds3V@physx@@V?$ReflectionAllocator@UPxBounds3V@physx@@@shdfnd@2@@shdfnd@physx@@IEAAAEAUPxBounds3V@3@AEBU43@@Z 000000018000b1f0 f i RTreeCooking.obj
 0001:0000a2c0       ?growAndPushBack@?$Array@URTreeNodeNQ@physx@@V?$ReflectionAllocator@URTreeNodeNQ@physx@@@shdfnd@2@@shdfnd@physx@@IEAAAEAURTreeNodeNQ@3@AEBU43@@Z 000000018000b2c0 f i RTreeCooking.obj
 0001:0000a390       ?growAndPushBack@?$Array@URTreeNodeQ@Gu@physx@@V?$ReflectionAllocator@URTreeNodeQ@Gu@physx@@@shdfnd@3@@shdfnd@physx@@IEAAAEAURTreeNodeQ@Gu@3@AEBU453@@Z 000000018000b390 f i RTreeCooking.obj
 0001:0000a470       ?recreate@?$Array@IV?$ReflectionAllocator@I@shdfnd@physx@@@shdfnd@physx@@IEAAXI@Z 000000018000b470 f i RTreeCooking.obj
 0001:0000a530       ?recreate@?$Array@UPxBounds3V@physx@@V?$ReflectionAllocator@UPxBounds3V@physx@@@shdfnd@2@@shdfnd@physx@@IEAAXI@Z 000000018000b530 f i RTreeCooking.obj
 0001:0000a5e0       ?recreate@?$Array@URTreeNodeNQ@physx@@V?$ReflectionAllocator@URTreeNodeNQ@physx@@@shdfnd@2@@shdfnd@physx@@IEAAXI@Z 000000018000b5e0 f i RTreeCooking.obj
 0001:0000a670       ?recreate@?$Array@URTreeNodeQ@Gu@physx@@V?$ReflectionAllocator@URTreeNodeQ@Gu@physx@@@shdfnd@3@@shdfnd@physx@@IEAAXI@Z 000000018000b670 f i RTreeCooking.obj
 0001:0000a730       ?recreate@?$Array@VPxVec3@physx@@V?$ReflectionAllocator@VPxVec3@physx@@@shdfnd@2@@shdfnd@physx@@IEAAXI@Z 000000018000b730 f i RTreeCooking.obj
 0001:0000a7c0       ?resize@?$Array@IV?$ReflectionAllocator@I@shdfnd@physx@@@shdfnd@physx@@QEAAXIAEBI@Z 000000018000b7c0 f i RTreeCooking.obj
 0001:0000a880       ?resizeUninitialized@?$Array@URTreeNodeNQ@physx@@V?$ReflectionAllocator@URTreeNodeNQ@physx@@@shdfnd@2@@shdfnd@physx@@QEAAXI@Z 000000018000b880 f i RTreeCooking.obj
 0001:0000a8c0       ?sort4@SubSortQuick@physx@@QEAAXPEIAIIAEAV?$Array@URTreeNodeNQ@physx@@V?$ReflectionAllocator@URTreeNodeNQ@physx@@@shdfnd@2@@shdfnd@2@AEAIAEAUPxBounds3V@2@I@Z 000000018000b8c0 f i RTreeCooking.obj
 0001:0000ac50       ?sort4@SubSortSAH@physx@@QEAAXPEAIIAEAV?$Array@URTreeNodeNQ@physx@@V?$ReflectionAllocator@URTreeNodeNQ@physx@@@shdfnd@2@@shdfnd@2@AEAIIPEAURTreeNodeNQ@2@@Z 000000018000bc50 f i RTreeCooking.obj
 0001:0000b4a0       ?split@SubSortSAH@physx@@QEAAIPEAII@Z 000000018000c4a0 f i RTreeCooking.obj
 0001:0000bea0       ?computeLocalBounds@MeshBulider@physx@@IEAAXAEAVMeshDataBase@Gu@2@@Z 000000018000cea0 f   MeshBuilder.obj
 0001:0000bf30       ??$?_UG@@YAPEAX_KV?$ReflectionAllocator@G@shdfnd@physx@@PEBDH@Z 000000018000cf30 f i TriangleMeshBuilder.obj
 0001:0000bfd0       ??$sort@UEdgeTriLookup@physx@@U?$Less@UEdgeTriLookup@physx@@@shdfnd@2@V?$ReflectionAllocator@UEdgeTriLookup@physx@@@42@@shdfnd@physx@@YAXPEAUEdgeTriLookup@1@IAEBU?$Less@UEdgeTriLookup@physx@@@01@AEBV?$ReflectionAllocator@UEdgeTriLookup@physx@@@01@I@Z 000000018000cfd0 f i TriangleMeshBuilder.obj
 0001:0000c550       ??0BV4TriangleMeshBuilder@physx@@QEAA@AEBUPxCookingParams@1@@Z 000000018000d550 f   TriangleMeshBuilder.obj
 0001:0000c620       ??0RTreeTriangleMeshBuilder@physx@@QEAA@AEBUPxCookingParams@1@@Z 000000018000d620 f   TriangleMeshBuilder.obj
 0001:0000c6e0       ??1BV4TriangleMeshBuilder@physx@@UEAA@XZ 000000018000d6e0 f   TriangleMeshBuilder.obj
 0001:0000c740       ??1MeshDataBase@Gu@physx@@UEAA@XZ 000000018000d740 f i TriangleMeshBuilder.obj
 0001:0000c820       ??1RTreeTriangleData@Gu@physx@@UEAA@XZ 000000018000d820 f i TriangleMeshBuilder.obj
 0001:0000c890       ??1RTreeTriangleMeshBuilder@physx@@UEAA@XZ 000000018000d890 f   TriangleMeshBuilder.obj
 0001:0000c8c0       ??1TriangleMeshBuilder@physx@@UEAA@XZ 000000018000d8c0 f   TriangleMeshBuilder.obj
 0001:0000c920       ??1TriangleMeshData@Gu@physx@@UEAA@XZ 000000018000d920 f i TriangleMeshBuilder.obj
 0001:0000c9f0       ??_EBV4TriangleData@Gu@physx@@UEAAPEAXI@Z 000000018000d9f0 f i TriangleMeshBuilder.obj
 0001:0000c9f0       ??_GBV4TriangleData@Gu@physx@@UEAAPEAXI@Z 000000018000d9f0 f i TriangleMeshBuilder.obj
 0001:0000ca70       ??_EBV4TriangleMeshBuilder@physx@@UEAAPEAXI@Z 000000018000da70 f i TriangleMeshBuilder.obj
 0001:0000ca70       ??_GBV4TriangleMeshBuilder@physx@@UEAAPEAXI@Z 000000018000da70 f i TriangleMeshBuilder.obj
 0001:0000caf0       ??_EMeshDataBase@Gu@physx@@UEAAPEAXI@Z 000000018000daf0 f i TriangleMeshBuilder.obj
 0001:0000caf0       ??_GMeshDataBase@Gu@physx@@UEAAPEAXI@Z 000000018000daf0 f i TriangleMeshBuilder.obj
 0001:0000cb50       ??_GRTreeCookerRemap@physx@@UEAAPEAXI@Z 000000018000db50 f i TriangleMeshBuilder.obj
 0001:0000cb50       ??_ERTreeCookerRemap@physx@@UEAAPEAXI@Z 000000018000db50 f i TriangleMeshBuilder.obj
 0001:0000cb80       ??_GRTreeTriangleData@Gu@physx@@UEAAPEAXI@Z 000000018000db80 f i TriangleMeshBuilder.obj
 0001:0000cb80       ??_ERTreeTriangleData@Gu@physx@@UEAAPEAXI@Z 000000018000db80 f i TriangleMeshBuilder.obj
 0001:0000cbe0       ??_ERTreeTriangleMeshBuilder@physx@@UEAAPEAXI@Z 000000018000dbe0 f i TriangleMeshBuilder.obj
 0001:0000cbe0       ??_GRTreeTriangleMeshBuilder@physx@@UEAAPEAXI@Z 000000018000dbe0 f i TriangleMeshBuilder.obj
 0001:0000cc30       ??_ERemapCallback@RTreeCooker@physx@@UEAAPEAXI@Z 000000018000dc30 f i TriangleMeshBuilder.obj
 0001:0000cc30       ??_GRemapCallback@RTreeCooker@physx@@UEAAPEAXI@Z 000000018000dc30 f i TriangleMeshBuilder.obj
 0001:0000cc60       ??_ETriangleMeshBuilder@physx@@UEAAPEAXI@Z 000000018000dc60 f i TriangleMeshBuilder.obj
 0001:0000cc60       ??_GTriangleMeshBuilder@physx@@UEAAPEAXI@Z 000000018000dc60 f i TriangleMeshBuilder.obj
 0001:0000cca0       ??_GTriangleMeshData@Gu@physx@@UEAAPEAXI@Z 000000018000dca0 f i TriangleMeshBuilder.obj
 0001:0000cca0       ??_ETriangleMeshData@Gu@physx@@UEAAPEAXI@Z 000000018000dca0 f i TriangleMeshBuilder.obj
 0001:0000cd00       ?allocateTriangles@TriangleMeshData@Gu@physx@@QEAAPEAXI_NI@Z 000000018000dd00 f i TriangleMeshBuilder.obj
 0001:0000cde0       ?allocateVertices@MeshDataBase@Gu@physx@@QEAAPEAVPxVec3@3@I@Z 000000018000dde0 f i TriangleMeshBuilder.obj
 0001:0000d320       ?checkMeshIndicesSize@TriangleMeshBuilder@physx@@QEAAXXZ 000000018000e320 f   TriangleMeshBuilder.obj
 0001:0000d430       ?cleanMesh@TriangleMeshBuilder@physx@@QEAA_N_NPEAW4Enum@PxTriangleMeshCookingResult@2@@Z 000000018000e430 f   TriangleMeshBuilder.obj
 0001:0000d920       ?createGRBMidPhaseAndData@TriangleMeshBuilder@physx@@QEAAXI@Z 000000018000e920 f   TriangleMeshBuilder.obj
 0001:0000dba0       ?createMidPhaseStructure@BV32TriangleMeshBuilder@physx@@SAXAEBUPxCookingParams@2@AEAVTriangleMeshData@Gu@2@AEAVBV32Tree@52@@Z 000000018000eba0 f   TriangleMeshBuilder.obj
 0001:0000dd70       ?createMidPhaseStructure@BV4TriangleMeshBuilder@physx@@UEAAXXZ 000000018000ed70 f   TriangleMeshBuilder.obj
 0001:0000e030       ?createMidPhaseStructure@RTreeTriangleMeshBuilder@physx@@UEAAXXZ 000000018000f030 f   TriangleMeshBuilder.obj
 0001:0000e110       ?createSharedEdgeData@TriangleMeshBuilder@physx@@QEAAX_N0@Z 000000018000f110 f   TriangleMeshBuilder.obj
 0001:0000e7c0       ?raw_length@charNode@@UEBAHXZ 000000018000f7c0 f i libvcruntime:undname.obj
 0001:0000e7c0       _get_startup_argv_mode     000000018000f7c0 f i LIBCMT:argv_mode.obj
 0001:0000e7c0       ?getMidphaseID@BV4TriangleMeshBuilder@physx@@UEBA?AW4Enum@PxMeshMidPhase@2@XZ 000000018000f7c0 f i TriangleMeshBuilder.obj
 0001:0000e7c0       DllMain                    000000018000f7c0 f i LIBCMT:dll_dllmain_stub.obj
 0001:0000e7c0       ?length@charNode@@UEBAHXZ  000000018000f7c0 f i libvcruntime:undname.obj
 0001:0000e7d0       ?getMidphaseID@RTreeTriangleMeshBuilder@physx@@UEBA?AW4Enum@PxMeshMidPhase@2@XZ 000000018000f7d0 f i TriangleMeshBuilder.obj
 0001:0000e7e0       ?importMesh@TriangleMeshBuilder@physx@@IEAA_NAEBVPxTriangleMeshDesc@2@AEBUPxCookingParams@2@PEAW4Enum@PxTriangleMeshCookingResult@2@_N@Z 000000018000f7e0 f   TriangleMeshBuilder.obj
 0001:0000eb60       ?loadFromDesc@TriangleMeshBuilder@physx@@QEAA_NAEBVPxTriangleMeshDesc@2@PEAW4Enum@PxTriangleMeshCookingResult@2@_N@Z 000000018000fb60 f   TriangleMeshBuilder.obj
 0001:0000efe0       ?onMeshIndexFormatChange@BV4TriangleMeshBuilder@physx@@UEAAXXZ 000000018000ffe0 f   TriangleMeshBuilder.obj
 0001:0000f020       ?remap@RTreeCookerRemap@physx@@UEAAXPEAIII@Z 0000000180010020 f i TriangleMeshBuilder.obj
 0001:0000f040       ?remapTopology@TriangleMeshBuilder@physx@@QEAAXPEBI@Z 0000000180010040 f   TriangleMeshBuilder.obj
 0001:0000f340       ?save@TriangleMeshBuilder@physx@@QEBA_NAEAVPxOutputStream@2@_NAEBUPxCookingParams@2@@Z 0000000180010340 f   TriangleMeshBuilder.obj
 0001:0000f910       ?saveMidPhaseStructure@BV4TriangleMeshBuilder@physx@@UEBAXAEAVPxOutputStream@2@_N@Z 0000000180010910 f   TriangleMeshBuilder.obj
 0001:0000fab0       ?saveMidPhaseStructure@RTreeTriangleMeshBuilder@physx@@UEBAXAEAVPxOutputStream@2@_N@Z 0000000180010ab0 f   TriangleMeshBuilder.obj
 0001:0000fcf0       ??0BigConvexDataBuilder@physx@@QEAA@PEBUConvexHullData@Gu@1@PEAVBigConvexData@1@PEBVPxVec3@1@@Z 0000000180010cf0 f   BigConvexDataBuilder.obj
 0001:0000fd00       ??4BigConvexData@physx@@QEAAAEAV01@AEBV01@@Z 0000000180010d00 f i BigConvexDataBuilder.obj
 0001:0000fd20       ?GetAdjacentVerts@BigConvexData@physx@@QEBAPEBEXZ 0000000180010d20 f i BigConvexDataBuilder.obj
 0001:0000fd30       ?GetNbNeighbors@BigConvexData@physx@@QEBAGI@Z 0000000180010d30 f i BigConvexDataBuilder.obj
 0001:0000fd30       ?GetValency@BigConvexData@physx@@QEBAGI@Z 0000000180010d30 f i BigConvexDataBuilder.obj
 0001:0000fd40       ?GetNbSamples@BigConvexData@physx@@QEBAIXZ 0000000180010d40 f i BigConvexDataBuilder.obj
 0001:0000fd50       ?raw_length@pcharNode@@UEBAHXZ 0000000180010d50 f i libvcruntime:undname.obj
 0001:0000fd50       ?GetNbVerts@BigConvexData@physx@@QEBAIXZ 0000000180010d50 f i BigConvexDataBuilder.obj
 0001:0000fd50       ?length@pcharNode@@UEBAHXZ 0000000180010d50 f i libvcruntime:undname.obj
 0001:0000fd60       ?GetNeighbors@BigConvexData@physx@@QEBAPEBEI@Z 0000000180010d60 f i BigConvexDataBuilder.obj
 0001:0000fd70       ?GetOffset@BigConvexData@physx@@QEBAGI@Z 0000000180010d70 f i BigConvexDataBuilder.obj
 0001:0000fd80       ?GetSubdiv@BigConvexData@physx@@QEBAIXZ 0000000180010d80 f i BigConvexDataBuilder.obj
 0001:0000fd90       ?computeValencies@BigConvexDataBuilder@physx@@QEAA_NAEBVConvexHullBuilder@2@@Z 0000000180010d90 f   BigConvexDataBuilder.obj
 0001:00010180       ?precompute@BigConvexDataBuilder@physx@@QEAA_NI@Z 0000000180011180 f   BigConvexDataBuilder.obj
 0001:00010dc0       ?save@BigConvexDataBuilder@physx@@QEBA_NAEAVPxOutputStream@2@_N@Z 0000000180011dc0 f   BigConvexDataBuilder.obj
 0001:00011000       ??$?_UE@@YAPEAX_KV?$ReflectionAllocator@E@shdfnd@physx@@PEBDH@Z 0000000180012000 f i ConvexHullBuilder.obj
 0001:000110a0       ??0ConvexHullBuilder@physx@@QEAA@PEAUConvexHullData@Gu@1@_N@Z 00000001800120a0 f   ConvexHullBuilder.obj
 0001:000110d0       ??1ConvexHullBuilder@physx@@QEAA@XZ 00000001800120d0 f   ConvexHullBuilder.obj
 0001:000111d0       ?calculateVertexMapTable@ConvexHullBuilder@physx@@QEAA_NI_N@Z 00000001800121d0 f   ConvexHullBuilder.obj
 0001:000113e0       ?checkHullPolygons@ConvexHullBuilder@physx@@QEBA_NXZ 00000001800123e0 f   ConvexHullBuilder.obj
 0001:000119c0       ?computeGeomCenter@ConvexHullBuilder@physx@@IEBA_NAEAVPxVec3@2@IPEAUHullTriangleData@2@@Z 00000001800129c0 f   ConvexHullBuilder.obj
 0001:00011c80       ?copy@ConvexHullBuilder@physx@@QEAA_NAEAUConvexHullData@Gu@2@AEAI@Z 0000000180012c80 f   ConvexHullBuilder.obj
 0001:00011f00       ?createEdgeList@ConvexHullBuilder@physx@@QEAA_N_NI@Z 0000000180012f00 f   ConvexHullBuilder.obj
 0001:00012770       ?init@ConvexHullBuilder@physx@@QEAA_NIPEBVPxVec3@2@PEBIIIPEBUPxHullPolygon@2@_NPEAVConvexHullLib@2@@Z 0000000180013770 f   ConvexHullBuilder.obj
 0001:000130d0       ?save@ConvexHullBuilder@physx@@QEBA_NAEAVPxOutputStream@2@_N@Z 00000001800140d0 f   ConvexHullBuilder.obj
 0001:000133f0       ??1ConvexHullLib@physx@@UEAA@XZ 00000001800143f0 f   ConvexHullLib.obj
 0001:00013450       ??_GConvexHullLib@physx@@UEAAPEAXI@Z 0000000180014450 f i ConvexHullLib.obj
 0001:00013450       ??_EConvexHullLib@physx@@UEAAPEAXI@Z 0000000180014450 f i ConvexHullLib.obj
 0001:000139c0       ?cleanupVertices@ConvexHullLib@physx@@IEAA_NIPEBVPxVec3@2@IAEAIPEAV32@AEAV32@3@Z 00000001800149c0 f   ConvexHullLib.obj
 0001:00013e40       ?shiftAndcleanupVertices@ConvexHullLib@physx@@IEAA_NIPEBVPxVec3@2@IAEAIPEAV32@AEAV32@3@Z 0000000180014e40 f   ConvexHullLib.obj
 0001:00014320       ?shiftConvexMeshDesc@ConvexHullLib@physx@@IEAAXAEAVPxConvexMeshDesc@2@@Z 0000000180015320 f   ConvexHullLib.obj
 0001:000143e0       ?swapLargestFace@ConvexHullLib@physx@@IEAAXAEAVPxConvexMeshDesc@2@@Z 00000001800153e0 f   ConvexHullLib.obj
 0001:000145d0       ??0Box@Gu@physx@@QEAA@AEBV012@@Z 00000001800155d0 f i ConvexHullUtils.obj
 0001:000145d0       ??4Box@Gu@physx@@QEAAAEBV012@AEBV012@@Z 00000001800155d0 f i ConvexHullUtils.obj
 0001:00014630       ??0Box@Gu@physx@@QEAA@AEBVPxVec3@2@0AEBVPxMat33@2@@Z 0000000180015630 f i ConvexHullUtils.obj
 0001:000146a0       ??0ConvexHull@physx@@QEAA@AEBVPxVec3@1@AEBVPxTransform@1@AEBV?$Array@VPxPlane@physx@@V?$ReflectionAllocator@VPxPlane@physx@@@shdfnd@2@@shdfnd@1@@Z 00000001800156a0 f   ConvexHullUtils.obj
 0001:00015800       ??0PxQuat@physx@@QEAA@AEBVPxMat33@1@@Z 0000000180016800 f i ConvexHullUtils.obj
 0001:000159e0       ?allocate@?$Array@VHalfEdge@ConvexHull@physx@@V?$ReflectionAllocator@VHalfEdge@ConvexHull@physx@@@shdfnd@3@@shdfnd@physx@@IEAAPEAVHalfEdge@ConvexHull@3@I@Z 00000001800169e0 f i ConvexHullUtils.obj
 0001:00015a80       ?allocate@?$Array@VPxPlane@physx@@V?$ReflectionAllocator@VPxPlane@physx@@@shdfnd@2@@shdfnd@physx@@IEAAPEAVPxPlane@3@I@Z 0000000180016a80 f i ConvexHullUtils.obj
 0001:00015b20       ?assertIntact@ConvexHull@physx@@QEBA_NM@Z 0000000180016b20 f   ConvexHullUtils.obj
 0001:00015e30       ?computeAABBExtent@Box@Gu@physx@@QEBA?AVPxVec3@3@XZ 0000000180016e30 f i ConvexHullUtils.obj
 0001:00015ef0       ?computeBoxPoints@Box@Gu@physx@@QEBAXPEIAVPxVec3@3@@Z 0000000180016ef0 f i ConvexHullUtils.obj
 0001:00015f30       ?computeOBBFromConvex@physx@@YA_NAEBVPxConvexMeshDesc@1@AEAVPxVec3@1@AEAVPxTransform@1@@Z 0000000180016f30 f   ConvexHullUtils.obj
 0001:00016640       ?computeOBBSIMD@local@@YAXIPEBT__m128@@AEAT2@AEBT2@1@Z 0000000180017640 f   ConvexHullUtils.obj
 0001:00016a50       ?convexHullCrop@physx@@YAPEAVConvexHull@1@AEBV21@AEBVPxPlane@1@M@Z 0000000180017a50 f   ConvexHullUtils.obj
 0001:00017830       ?copy@?$Array@VPxPlane@physx@@V?$ReflectionAllocator@VPxPlane@physx@@@shdfnd@2@@shdfnd@physx@@KAXPEAVPxPlane@3@0PEBV43@@Z 0000000180018830 f i ConvexHullUtils.obj
 0001:00017930       ?findCandidatePlane@ConvexHull@physx@@QEBAHMM@Z 0000000180018930 f   ConvexHullUtils.obj
 0001:00017da0       ?getInverse@PxMat33@physx@@QEBA?BV12@XZ 0000000180018da0 f i ConvexHullUtils.obj
 0001:00017ff0       ?getTransform@Box@Gu@physx@@QEBA?AVPxTransform@3@XZ 0000000180018ff0 f i ConvexHullUtils.obj
 0001:00018050       ?growAndPushBack@?$Array@VHalfEdge@ConvexHull@physx@@V?$ReflectionAllocator@VHalfEdge@ConvexHull@physx@@@shdfnd@3@@shdfnd@physx@@IEAAAEAVHalfEdge@ConvexHull@3@AEBV453@@Z 0000000180019050 f i ConvexHullUtils.obj
 0001:00018110       ?growAndPushBack@?$Array@VPxPlane@physx@@V?$ReflectionAllocator@VPxPlane@physx@@@shdfnd@2@@shdfnd@physx@@IEAAAEAVPxPlane@3@AEBV43@@Z 0000000180019110 f i ConvexHullUtils.obj
 0001:000181d0       ?isValid@Box@Gu@physx@@QEBA_NXZ 00000001800191d0 f i ConvexHullUtils.obj
 0001:000181f0       ?maxNumVertsPerFace@ConvexHull@physx@@QEBAIXZ 00000001800191f0 f   ConvexHullUtils.obj
 0001:00018260       ?recreate@?$Array@VHalfEdge@ConvexHull@physx@@V?$ReflectionAllocator@VHalfEdge@ConvexHull@physx@@@shdfnd@3@@shdfnd@physx@@IEAAXI@Z 0000000180019260 f i ConvexHullUtils.obj
 0001:00018300       ?recreate@?$Array@VPxPlane@physx@@V?$ReflectionAllocator@VPxPlane@physx@@@shdfnd@2@@shdfnd@physx@@IEAAXI@Z 0000000180019300 f i ConvexHullUtils.obj
 0001:00018390       ?resize@?$Array@VHalfEdge@ConvexHull@physx@@V?$ReflectionAllocator@VHalfEdge@ConvexHull@physx@@@shdfnd@3@@shdfnd@physx@@QEAAXIAEBVHalfEdge@ConvexHull@3@@Z 0000000180019390 f i ConvexHullUtils.obj
 0001:00018450       ?resize@?$Array@VPxPlane@physx@@V?$ReflectionAllocator@VPxPlane@physx@@@shdfnd@2@@shdfnd@physx@@QEAAXIAEBVPxPlane@3@@Z 0000000180019450 f i ConvexHullUtils.obj
 0001:00018570       ?resize@?$Array@VPxVec3@physx@@V?$ReflectionAllocator@VPxVec3@physx@@@shdfnd@2@@shdfnd@physx@@QEAAXIAEBVPxVec3@3@@Z 0000000180019570 f i ConvexHullUtils.obj
 0001:00018660       ?rotate@Box@Gu@physx@@QEBA?AVPxVec3@3@AEBV43@@Z 0000000180019660 f i ConvexHullUtils.obj
 0001:000186f0       ?rotateInv@Box@Gu@physx@@QEBA?AVPxVec3@3@AEBV43@@Z 00000001800196f0 f i ConvexHullUtils.obj
 0001:00018780       ?setAxes@Box@Gu@physx@@QEAAXAEBVPxVec3@3@00@Z 0000000180019780 f i ConvexHullUtils.obj
 0001:000187c0       ?setEmpty@Box@Gu@physx@@QEAAXXZ 00000001800197c0 f i ConvexHullUtils.obj
 0001:00018800       ?transform@Box@Gu@physx@@QEBA?AVPxVec3@3@AEBV43@@Z 0000000180019800 f i ConvexHullUtils.obj
 0001:000188a0       ??0ConvexMeshBuilder@physx@@QEAA@_N@Z 00000001800198a0 f   ConvexMeshBuilder.obj
 0001:00018900       ??1ConvexMeshBuilder@physx@@QEAA@XZ 0000000180019900 f   ConvexMeshBuilder.obj
 0001:00018d50       ?build@ConvexMeshBuilder@physx@@QEAA_NAEBVPxConvexMeshDesc@2@I_NPEAVConvexHullLib@2@@Z 0000000180019d50 f   ConvexMeshBuilder.obj
 0001:00019060       ?computeHullPolygons@ConvexMeshBuilder@physx@@QEAA_NAEBIPEBVPxVec3@2@0PEBIAEAVPxAllocatorCallback@2@AEAIAEAPEAV32@4AEAPEAI4AEAPEAUPxHullPolygon@2@@Z 000000018001a060 f   ConvexMeshBuilder.obj
 0001:00019280       ?computeMassInfo@ConvexMeshBuilder@physx@@QEAAX_N@Z 000000018001a280 f   ConvexMeshBuilder.obj
 0001:00019650       ?copy@ConvexMeshBuilder@physx@@QEAA_NAEAUConvexHullInitData@Gu@2@@Z 000000018001a650 f   ConvexMeshBuilder.obj
 0001:00019770       ?isFinite@PxVec3@physx@@QEBA_NXZ 000000018001a770 f i ConvexMeshBuilder.obj
 0001:000197d0       ?loadConvexHull@ConvexMeshBuilder@physx@@QEAA_NAEBVPxConvexMeshDesc@2@PEAVConvexHullLib@2@@Z 000000018001a7d0 f   ConvexMeshBuilder.obj
 0001:00019a50       ?save@ConvexMeshBuilder@physx@@QEBA_NAEAVPxOutputStream@2@_N@Z 000000018001aa50 f   ConvexMeshBuilder.obj
 0001:00019c60       ??$copy@V?$ReflectionAllocator@VPair@@@shdfnd@physx@@@?$Array@VPair@@V?$ReflectionAllocator@VPair@@@shdfnd@physx@@@shdfnd@physx@@IEAAXAEBV012@@Z 000000018001ac60 f i ConvexPolygonsBuilder.obj
 0001:00019ce0       ??0ConvexPolygonsBuilder@physx@@QEAA@PEAUConvexHullData@Gu@1@_N@Z 000000018001ace0 f   ConvexPolygonsBuilder.obj
 0001:00019d00       ??1ConvexPolygonsBuilder@physx@@QEAA@XZ 000000018001ad00 f   ConvexPolygonsBuilder.obj
 0001:0001a550       ?allocate@?$Array@VPair@@V?$ReflectionAllocator@VPair@@@shdfnd@physx@@@shdfnd@physx@@IEAAPEAVPair@@I@Z 000000018001b550 f i ConvexPolygonsBuilder.obj
 0001:0001ad70       ?computeHullPolygons@ConvexPolygonsBuilder@physx@@QEAA_NAEBIPEBVPxVec3@2@0PEBI@Z 000000018001bd70 f   ConvexPolygonsBuilder.obj
 0001:0001be10       ?createPolygonData@ConvexPolygonsBuilder@physx@@AEAA_NXZ 000000018001ce10 f   ConvexPolygonsBuilder.obj
 0001:0001c9f0       ?createTrianglesFromPolygons@ConvexPolygonsBuilder@physx@@AEAA_NXZ 000000018001d9f0 f   ConvexPolygonsBuilder.obj
 0001:0001e070       ?growAndPushBack@?$Array@VPair@@V?$ReflectionAllocator@VPair@@@shdfnd@physx@@@shdfnd@physx@@IEAAAEAVPair@@AEBV4@@Z 000000018001f070 f i ConvexPolygonsBuilder.obj
 0001:0001e130       ??0QuickHull@local@@QEAA@AEBUPxCookingParams@physx@@AEBVPxConvexMeshDesc@3@@Z 000000018001f130 f   QuickHullConvexHullLib.obj
 0001:0001e1e0       ??0QuickHullConvexHullLib@physx@@QEAA@AEBVPxConvexMeshDesc@1@AEBUPxCookingParams@1@@Z 000000018001f1e0 f   QuickHullConvexHullLib.obj
 0001:0001e2d0       ??1?$MemBlock@UQuickHullHalfEdge@local@@$0A@@local@@QEAA@XZ 000000018001f2d0 f i QuickHullConvexHullLib.obj
 0001:0001e2d0       ??1?$MemBlock@UQuickHullFace@local@@$00@local@@QEAA@XZ 000000018001f2d0 f i QuickHullConvexHullLib.obj
 0001:0001e360       ??1QuickHull@local@@QEAA@XZ 000000018001f360 f   QuickHullConvexHullLib.obj
 0001:0001e4a0       ??_GConvexHull@physx@@QEAAPEAXI@Z 000000018001f4a0 f i QuickHullConvexHullLib.obj
 0001:0001e580       ??_EQuickHullConvexHullLib@physx@@UEAAPEAXI@Z 000000018001f580 f i QuickHullConvexHullLib.obj
 0001:0001e580       ??_GQuickHullConvexHullLib@physx@@UEAAPEAXI@Z 000000018001f580 f i QuickHullConvexHullLib.obj
 0001:0001e680       ?addPointToHull@QuickHull@local@@IEAA_NPEBUQuickHullVertex@2@AEAUQuickHullFace@2@AEA_N@Z 000000018001f680 f   QuickHullConvexHullLib.obj
 0001:0001e950       ?addSimplex@QuickHull@local@@IEAAXPEAUQuickHullVertex@2@_N@Z 000000018001f950 f   QuickHullConvexHullLib.obj
 0001:0001ee20       ?allocate@?$Array@PEAUQuickHullFace@local@@V?$ReflectionAllocator@PEAUQuickHullFace@local@@@shdfnd@physx@@@shdfnd@physx@@IEAAPEAPEAUQuickHullFace@local@@I@Z 000000018001fe20 f i QuickHullConvexHullLib.obj
 0001:0001eec0       ?allocate@?$Array@PEAUQuickHullHalfEdge@local@@V?$ReflectionAllocator@PEAUQuickHullHalfEdge@local@@@shdfnd@physx@@@shdfnd@physx@@IEAAPEAPEAUQuickHullHalfEdge@local@@I@Z 000000018001fec0 f i QuickHullConvexHullLib.obj
 0001:0001ef60       ?allocate@?$Array@PEAUQuickHullVertex@local@@V?$ReflectionAllocator@PEAUQuickHullVertex@local@@@shdfnd@physx@@@shdfnd@physx@@IEAAPEAPEAUQuickHullVertex@local@@I@Z 000000018001ff60 f i QuickHullConvexHullLib.obj
 0001:0001f000       ?allocate@?$Array@UExpandPoint@local@@V?$ReflectionAllocator@UExpandPoint@local@@@shdfnd@physx@@@shdfnd@physx@@IEAAPEAUExpandPoint@local@@I@Z 0000000180020000 f i QuickHullConvexHullLib.obj
 0001:0001f0a0       ?buildHull@QuickHull@local@@QEAA?AW4Enum@QuickHullResult@2@XZ 00000001800200a0 f   QuickHullConvexHullLib.obj
 0001:0001f2b0       ?calculateHorizon@QuickHull@local@@IEAAXAEBVPxVec3@physx@@PEAUQuickHullHalfEdge@2@AEAUQuickHullFace@2@AEAV?$Array@PEAUQuickHullHalfEdge@local@@V?$ReflectionAllocator@PEAUQuickHullHalfEdge@local@@@shdfnd@physx@@@shdfnd@4@AEAV?$Array@PEAUQuickHullFace@local@@V?$ReflectionAllocator@PEAUQuickHullFace@local@@@shdfnd@physx@@@84@@Z 00000001800202b0 f   QuickHullConvexHullLib.obj
 0001:0001f460       ?canMergeFaces@QuickHull@local@@IEAA_NAEBUQuickHullHalfEdge@2@@Z 0000000180020460 f   QuickHullConvexHullLib.obj
 0001:0001fc90       ?cleanupForSimplex@QuickHullConvexHullLib@physx@@IEAA_NPEAVPxVec3@2@IPEAUQuickHullVertex@local@@1AEAM2@Z 0000000180020c90 f   QuickHullConvexHullLib.obj
 0001:00020860       ?computeMinMaxVerts@QuickHull@local@@IEAAXXZ 0000000180021860 f   QuickHullConvexHullLib.obj
 0001:00020c30       ?connectHalfEdges@QuickHullFace@local@@AEAAPEAU12@PEAUQuickHullHalfEdge@2@0@Z 0000000180021c30 f   QuickHullConvexHullLib.obj
 0001:00020f90       ?copy@?$Array@UExpandPoint@local@@V?$ReflectionAllocator@UExpandPoint@local@@@shdfnd@physx@@@shdfnd@physx@@KAXPEAUExpandPoint@local@@0PEBU45@@Z 0000000180021f90 f i QuickHullConvexHullLib.obj
 0001:00021040       ?createConvexHull@QuickHullConvexHullLib@physx@@UEAA?AW4Enum@PxConvexMeshCookingResult@2@XZ 0000000180022040 f   QuickHullConvexHullLib.obj
 0001:00021440       ?createEdgeList@QuickHullConvexHullLib@physx@@UEAA_NIPEBEPEAPEAEPEAPEAG2@Z 0000000180022440 f   QuickHullConvexHullLib.obj
 0001:00021670       ?createTriangle@QuickHull@local@@IEAAPEAUQuickHullFace@2@AEBUQuickHullVertex@2@00@Z 0000000180022670 f   QuickHullConvexHullLib.obj
 0001:00021a00       ?doAdjacentMerge@QuickHull@local@@IEAA_NAEAUQuickHullFace@2@_NAEA_N@Z 0000000180022a00 f   QuickHullConvexHullLib.obj
 0001:00021d40       ?expandHull@QuickHullConvexHullLib@physx@@IEAA?AW4Enum@PxConvexMeshCookingResult@2@XZ 0000000180022d40 f   QuickHullConvexHullLib.obj
 0001:00022a20       ?expandHullOBB@QuickHullConvexHullLib@physx@@IEAA?AW4Enum@PxConvexMeshCookingResult@2@XZ 0000000180023a20 f   QuickHullConvexHullLib.obj
 0001:00022e40       ?fillConvexMeshDesc@QuickHullConvexHullLib@physx@@UEAAXAEAVPxConvexMeshDesc@2@@Z 0000000180023e40 f   QuickHullConvexHullLib.obj
 0001:00022e90       ?fillConvexMeshDescFromCroppedHull@QuickHullConvexHullLib@physx@@IEAAXAEAVPxConvexMeshDesc@2@@Z 0000000180023e90 f   QuickHullConvexHullLib.obj
 0001:00023090       ?fillConvexMeshDescFromQuickHull@QuickHullConvexHullLib@physx@@IEAAXAEAVPxConvexMeshDesc@2@@Z 0000000180024090 f   QuickHullConvexHullLib.obj
 0001:00023420       ?findSimplex@QuickHull@local@@IEAA_NXZ 0000000180024420 f   QuickHullConvexHullLib.obj
 0001:000240d0       ?getFreeItem@?$MemBlock@UQuickHullFace@local@@$00@local@@QEAAPEAUQuickHullFace@2@XZ 00000001800250d0 f i QuickHullConvexHullLib.obj
 0001:00024200       ?getFreeItem@?$MemBlock@UQuickHullHalfEdge@local@@$0A@@local@@QEAAPEAUQuickHullHalfEdge@2@XZ 0000000180025200 f i QuickHullConvexHullLib.obj
 0001:000242d0       ?growAndPushBack@?$Array@PEAUQuickHullFace@local@@V?$ReflectionAllocator@PEAUQuickHullFace@local@@@shdfnd@physx@@@shdfnd@physx@@IEAAAEAPEAUQuickHullFace@local@@AEBQEAU45@@Z 00000001800252d0 f i QuickHullConvexHullLib.obj
 0001:00024390       ?growAndPushBack@?$Array@PEAUQuickHullHalfEdge@local@@V?$ReflectionAllocator@PEAUQuickHullHalfEdge@local@@@shdfnd@physx@@@shdfnd@physx@@IEAAAEAPEAUQuickHullHalfEdge@local@@AEBQEAU45@@Z 0000000180025390 f i QuickHullConvexHullLib.obj
 0001:00024450       ?growAndPushBack@?$Array@PEAUQuickHullVertex@local@@V?$ReflectionAllocator@PEAUQuickHullVertex@local@@@shdfnd@physx@@@shdfnd@physx@@IEAAAEAPEAUQuickHullVertex@local@@AEBQEAU45@@Z 0000000180025450 f i QuickHullConvexHullLib.obj
 0001:00024510       ?growAndPushBack@?$Array@UExpandPoint@local@@V?$ReflectionAllocator@UExpandPoint@local@@@shdfnd@physx@@@shdfnd@physx@@IEAAAEAUExpandPoint@local@@AEBU45@@Z 0000000180025510 f i QuickHullConvexHullLib.obj
 0001:00024610       ?init@?$MemBlock@UQuickHullFace@local@@$00@local@@QEAAXI@Z 0000000180025610 f i QuickHullConvexHullLib.obj
 0001:00024710       ?init@?$MemBlock@UQuickHullHalfEdge@local@@$0A@@local@@QEAAXI@Z 0000000180025710 f i QuickHullConvexHullLib.obj
 0001:000247b0       ?mergeAdjacentFace@QuickHullFace@local@@QEAA_NPEAUQuickHullHalfEdge@2@AEAV?$Array@PEAUQuickHullFace@local@@V?$ReflectionAllocator@PEAUQuickHullFace@local@@@shdfnd@physx@@@shdfnd@physx@@@Z 00000001800257b0 f   QuickHullConvexHullLib.obj
 0001:00024c00       ?nextPointToAdd@QuickHull@local@@IEAAPEAUQuickHullVertex@2@AEAPEAUQuickHullFace@2@@Z 0000000180025c00 f   QuickHullConvexHullLib.obj
 0001:00024d80       ?parseInputVertices@QuickHull@local@@QEAAXPEBVPxVec3@physx@@I@Z 0000000180025d80 f   QuickHullConvexHullLib.obj
 0001:00024f10       ?postMergeHull@QuickHull@local@@IEAAXXZ 0000000180025f10 f   QuickHullConvexHullLib.obj
 0001:00025160       ?preallocate@QuickHull@local@@QEAAXI@Z 0000000180026160 f   QuickHullConvexHullLib.obj
 0001:000252a0       ?recreate@?$Array@PEAUQuickHullFace@local@@V?$ReflectionAllocator@PEAUQuickHullFace@local@@@shdfnd@physx@@@shdfnd@physx@@IEAAXI@Z 00000001800262a0 f i QuickHullConvexHullLib.obj
 0001:00025340       ?recreate@?$Array@PEAUQuickHullHalfEdge@local@@V?$ReflectionAllocator@PEAUQuickHullHalfEdge@local@@@shdfnd@physx@@@shdfnd@physx@@IEAAXI@Z 0000000180026340 f i QuickHullConvexHullLib.obj
 0001:000253e0       ?recreate@?$Array@PEAUQuickHullVertex@local@@V?$ReflectionAllocator@PEAUQuickHullVertex@local@@@shdfnd@physx@@@shdfnd@physx@@IEAAXI@Z 00000001800263e0 f i QuickHullConvexHullLib.obj
 0001:00025480       ?recreate@?$Array@UExpandPoint@local@@V?$ReflectionAllocator@UExpandPoint@local@@@shdfnd@physx@@@shdfnd@physx@@IEAAXI@Z 0000000180026480 f i QuickHullConvexHullLib.obj
 0001:00025510       ?resolveUnclaimedPoints@QuickHull@local@@IEAAXAEBV?$Array@PEAUQuickHullFace@local@@V?$ReflectionAllocator@PEAUQuickHullFace@local@@@shdfnd@physx@@@shdfnd@physx@@@Z 0000000180026510 f   QuickHullConvexHullLib.obj
 0001:00026210       ?computeVolumeIntegralsEberly@physx@@YA_NAEBVPxConvexMeshDesc@1@MAEAUPxIntegrals@1@AEBVPxVec3@1@@Z 0000000180027210 f   VolumeIntegration.obj
 0001:00026250       ?computeVolumeIntegralsEberlySIMD@physx@@YA_NAEBVPxConvexMeshDesc@1@MAEAUPxIntegrals@1@AEBVPxVec3@1@@Z 0000000180027250 f   VolumeIntegration.obj
 0001:00026890       ?cookingDelayHook@@YAP6A_JXZIPEAUDelayLoadInfo@@@Z 0000000180027890 f   WindowsCookingDelayLoadHook.obj
 0001:00026970       PxSetPhysXCookingDelayLoadHook 0000000180027970 f   WindowsCookingDelayLoadHook.obj
 0001:00026978       __imp_load_??0RadixSortBuffered@Cm@physx@@QEAA@XZ 0000000180027978 f   PhysXCommon_64:PhysXCommon_64.dll
 0001:00026984       ??0RadixSortBuffered@Cm@physx@@QEAA@XZ 0000000180027984 f   PhysXCommon_64:PhysXCommon_64.dll
 0001:0002698a       __tailMerge_physxcommon_64_dll 000000018002798a     PhysXCommon_64:PhysXCommon_64.dll
 0001:00026a03       __imp_load_??1RadixSortBuffered@Cm@physx@@UEAA@XZ 0000000180027a03 f   PhysXCommon_64:PhysXCommon_64.dll
 0001:00026a0f       ??1RadixSortBuffered@Cm@physx@@UEAA@XZ 0000000180027a0f f   PhysXCommon_64:PhysXCommon_64.dll
 0001:00026a15       __imp_load_?Sort@RadixSortBuffered@Cm@physx@@QEAAAEAV123@PEBIIW4RadixHint@23@@Z 0000000180027a15 f   PhysXCommon_64:PhysXCommon_64.dll
 0001:00026a21       ?Sort@RadixSortBuffered@Cm@physx@@QEAAAEAV123@PEBIIW4RadixHint@23@@Z 0000000180027a21 f   PhysXCommon_64:PhysXCommon_64.dll
 0001:00026a27       __imp_load_??0HeightField@Gu@physx@@QEAA@PEAVGuMeshFactory@2@@Z 0000000180027a27 f   PhysXCommon_64:PhysXCommon_64.dll
 0001:00026a33       ??0HeightField@Gu@physx@@QEAA@PEAVGuMeshFactory@2@@Z 0000000180027a33 f   PhysXCommon_64:PhysXCommon_64.dll
 0001:00026a39       __imp_load_?loadFromDesc@HeightField@Gu@physx@@QEAA_NAEBVPxHeightFieldDesc@3@@Z 0000000180027a39 f   PhysXCommon_64:PhysXCommon_64.dll
 0001:00026a45       ?loadFromDesc@HeightField@Gu@physx@@QEAA_NAEBVPxHeightFieldDesc@3@@Z 0000000180027a45 f   PhysXCommon_64:PhysXCommon_64.dll
 0001:00026a4b       __imp_load_?computeCellCoordinates@HeightField@Gu@physx@@QEBAIMMAEAM0@Z 0000000180027a4b f   PhysXCommon_64:PhysXCommon_64.dll
 0001:00026a57       ?computeCellCoordinates@HeightField@Gu@physx@@QEBAIMMAEAM0@Z 0000000180027a57 f   PhysXCommon_64:PhysXCommon_64.dll
 0001:00026a5d       __imp_load_?releaseMemory@HeightField@Gu@physx@@QEAAXXZ 0000000180027a5d f   PhysXCommon_64:PhysXCommon_64.dll
 0001:00026a69       ?releaseMemory@HeightField@Gu@physx@@QEAAXXZ 0000000180027a69 f   PhysXCommon_64:PhysXCommon_64.dll
 0001:00026a6f       __imp_load_??1HeightField@Gu@physx@@UEAA@XZ 0000000180027a6f f   PhysXCommon_64:PhysXCommon_64.dll
 0001:00026a7b       ??1HeightField@Gu@physx@@UEAA@XZ 0000000180027a7b f   PhysXCommon_64:PhysXCommon_64.dll
 0001:00026a81       __imp_load_??0NodeAllocator@Gu@physx@@QEAA@XZ 0000000180027a81 f   PhysXCommon_64:PhysXCommon_64.dll
 0001:00026a8d       ??0NodeAllocator@Gu@physx@@QEAA@XZ 0000000180027a8d f   PhysXCommon_64:PhysXCommon_64.dll
 0001:00026a93       __imp_load_??1NodeAllocator@Gu@physx@@QEAA@XZ 0000000180027a93 f   PhysXCommon_64:PhysXCommon_64.dll
 0001:00026a9f       ??1NodeAllocator@Gu@physx@@QEAA@XZ 0000000180027a9f f   PhysXCommon_64:PhysXCommon_64.dll
 0001:00026aa5       __imp_load_?release@NodeAllocator@Gu@physx@@QEAAXXZ 0000000180027aa5 f   PhysXCommon_64:PhysXCommon_64.dll
 0001:00026ab1       ?release@NodeAllocator@Gu@physx@@QEAAXXZ 0000000180027ab1 f   PhysXCommon_64:PhysXCommon_64.dll
 0001:00026ab7       __imp_load_?buildAABBTree@Gu@physx@@YA_NAEAVAABBTreeBuildParams@12@AEAVNodeAllocator@12@AEAUBuildStats@12@AEAPEAI@Z 0000000180027ab7 f   PhysXCommon_64:PhysXCommon_64.dll
 0001:00026ac3       ?buildAABBTree@Gu@physx@@YA_NAEAVAABBTreeBuildParams@12@AEAVNodeAllocator@12@AEAUBuildStats@12@AEAPEAI@Z 0000000180027ac3 f   PhysXCommon_64:PhysXCommon_64.dll
 0001:00026ac9       __imp_load_?writeDword@physx@@YAXI_NAEAVPxOutputStream@1@@Z 0000000180027ac9 f   PhysXCommon_64:PhysXCommon_64.dll
 0001:00026ad5       ?writeDword@physx@@YAXI_NAEAVPxOutputStream@1@@Z 0000000180027ad5 f   PhysXCommon_64:PhysXCommon_64.dll
 0001:00026adb       __imp_load_?writeFloatBuffer@physx@@YAXPEBMI_NAEAVPxOutputStream@1@@Z 0000000180027adb f   PhysXCommon_64:PhysXCommon_64.dll
 0001:00026ae7       ?writeFloatBuffer@physx@@YAXPEBMI_NAEAVPxOutputStream@1@@Z 0000000180027ae7 f   PhysXCommon_64:PhysXCommon_64.dll
 0001:00026aed       __imp_load_?writeHeader@physx@@YA_NCCCCI_NAEAVPxOutputStream@1@@Z 0000000180027aed f   PhysXCommon_64:PhysXCommon_64.dll
 0001:00026af9       ?writeHeader@physx@@YA_NCCCCI_NAEAVPxOutputStream@1@@Z 0000000180027af9 f   PhysXCommon_64:PhysXCommon_64.dll
 0001:00026aff       __imp_load_?writeWord@physx@@YAXG_NAEAVPxOutputStream@1@@Z 0000000180027aff f   PhysXCommon_64:PhysXCommon_64.dll
 0001:00026b0b       ?writeWord@physx@@YAXG_NAEAVPxOutputStream@1@@Z 0000000180027b0b f   PhysXCommon_64:PhysXCommon_64.dll
 0001:00026b11       __imp_load_?writeFloat@physx@@YAXM_NAEAVPxOutputStream@1@@Z 0000000180027b11 f   PhysXCommon_64:PhysXCommon_64.dll
 0001:00026b1d       ?writeFloat@physx@@YAXM_NAEAVPxOutputStream@1@@Z 0000000180027b1d f   PhysXCommon_64:PhysXCommon_64.dll
 0001:00026b23       __imp_load_?computeBoundsAroundVertices@Gu@physx@@YAXAEAVPxBounds3@2@IPEIBVPxVec3@2@@Z 0000000180027b23 f   PhysXCommon_64:PhysXCommon_64.dll
 0001:00026b2f       ?computeBoundsAroundVertices@Gu@physx@@YAXAEAVPxBounds3@2@IPEIBVPxVec3@2@@Z 0000000180027b2f f   PhysXCommon_64:PhysXCommon_64.dll
 0001:00026b35       __imp_load_??0SourceMesh@Gu@physx@@QEAA@XZ 0000000180027b35 f   PhysXCommon_64:PhysXCommon_64.dll
 0001:00026b41       ??0SourceMesh@Gu@physx@@QEAA@XZ 0000000180027b41 f   PhysXCommon_64:PhysXCommon_64.dll
 0001:00026b47       __imp_load_??1SourceMesh@Gu@physx@@QEAA@XZ 0000000180027b47 f   PhysXCommon_64:PhysXCommon_64.dll
 0001:00026b53       ??1SourceMesh@Gu@physx@@QEAA@XZ 0000000180027b53 f   PhysXCommon_64:PhysXCommon_64.dll
 0001:00026b59       __imp_load_??0BV4Tree@Gu@physx@@QEAA@XZ 0000000180027b59 f   PhysXCommon_64:PhysXCommon_64.dll
 0001:00026b65       ??0BV4Tree@Gu@physx@@QEAA@XZ 0000000180027b65 f   PhysXCommon_64:PhysXCommon_64.dll
 0001:00026b6b       __imp_load_??1BV4Tree@Gu@physx@@QEAA@XZ 0000000180027b6b f   PhysXCommon_64:PhysXCommon_64.dll
 0001:00026b77       ??1BV4Tree@Gu@physx@@QEAA@XZ 0000000180027b77 f   PhysXCommon_64:PhysXCommon_64.dll
 0001:00026b7d       __imp_load_??0BV32Tree@Gu@physx@@QEAA@XZ 0000000180027b7d f   PhysXCommon_64:PhysXCommon_64.dll
 0001:00026b89       ??0BV32Tree@Gu@physx@@QEAA@XZ 0000000180027b89 f   PhysXCommon_64:PhysXCommon_64.dll
 0001:00026b8f       __imp_load_??1BV32Tree@Gu@physx@@QEAA@XZ 0000000180027b8f f   PhysXCommon_64:PhysXCommon_64.dll
 0001:00026b9b       ??1BV32Tree@Gu@physx@@QEAA@XZ 0000000180027b9b f   PhysXCommon_64:PhysXCommon_64.dll
 0001:00026ba1       __imp_load_?writeWordBuffer@physx@@YAXPEBGI_NAEAVPxOutputStream@1@@Z 0000000180027ba1 f   PhysXCommon_64:PhysXCommon_64.dll
 0001:00026bad       ?writeWordBuffer@physx@@YAXPEBGI_NAEAVPxOutputStream@1@@Z 0000000180027bad f   PhysXCommon_64:PhysXCommon_64.dll
 0001:00026bb3       __imp_load_?computeMaxIndex@physx@@YAIPEBII@Z 0000000180027bb3 f   PhysXCommon_64:PhysXCommon_64.dll
 0001:00026bbf       ?computeMaxIndex@physx@@YAIPEBII@Z 0000000180027bbf f   PhysXCommon_64:PhysXCommon_64.dll
 0001:00026bc5       __imp_load_?storeIndices@physx@@YAXIIPEBIAEAVPxOutputStream@1@_N@Z 0000000180027bc5 f   PhysXCommon_64:PhysXCommon_64.dll
 0001:00026bd1       ?storeIndices@physx@@YAXIIPEBIAEAVPxOutputStream@1@_N@Z 0000000180027bd1 f   PhysXCommon_64:PhysXCommon_64.dll
 0001:00026bd7       __imp_load_?BuildBV4Ex@Gu@physx@@YA_NAEAVBV4Tree@12@AEAVSourceMesh@12@MI@Z 0000000180027bd7 f   PhysXCommon_64:PhysXCommon_64.dll
 0001:00026be3       ?BuildBV4Ex@Gu@physx@@YA_NAEAVBV4Tree@12@AEAVSourceMesh@12@MI@Z 0000000180027be3 f   PhysXCommon_64:PhysXCommon_64.dll
 0001:00026be9       __imp_load_?BuildBV32Ex@Gu@physx@@YA_NAEAVBV32Tree@12@AEAVSourceMesh@12@MI@Z 0000000180027be9 f   PhysXCommon_64:PhysXCommon_64.dll
 0001:00026bf5       ?BuildBV32Ex@Gu@physx@@YA_NAEAVBV32Tree@12@AEAVSourceMesh@12@MI@Z 0000000180027bf5 f   PhysXCommon_64:PhysXCommon_64.dll
 0001:00026bfb       __imp_load_?computeMaxIndex@physx@@YAGPEBGI@Z 0000000180027bfb f   PhysXCommon_64:PhysXCommon_64.dll
 0001:00026c07       ?computeMaxIndex@physx@@YAGPEBGI@Z 0000000180027c07 f   PhysXCommon_64:PhysXCommon_64.dll
 0001:00026c0d       __imp_load_?WriteHeader@Gu@physx@@YA_NEEEEI_NAEAVPxOutputStream@2@@Z 0000000180027c0d f   PhysXCommon_64:PhysXCommon_64.dll
 0001:00026c19       ?WriteHeader@Gu@physx@@YA_NEEEEI_NAEAVPxOutputStream@2@@Z 0000000180027c19 f   PhysXCommon_64:PhysXCommon_64.dll
 0001:00026c1f       __imp_load_?StoreIndices@Gu@physx@@YAXGIPEBGAEAVPxOutputStream@2@_N@Z 0000000180027c1f f   PhysXCommon_64:PhysXCommon_64.dll
 0001:00026c2b       ?StoreIndices@Gu@physx@@YAXGIPEBGAEAVPxOutputStream@2@_N@Z 0000000180027c2b f   PhysXCommon_64:PhysXCommon_64.dll
 0001:00026c31       __imp_load_?CreateOffsets@BigConvexData@physx@@IEAAXXZ 0000000180027c31 f   PhysXCommon_64:PhysXCommon_64.dll
 0001:00026c3d       ?CreateOffsets@BigConvexData@physx@@IEAAXXZ 0000000180027c3d f   PhysXCommon_64:PhysXCommon_64.dll
 0001:00026c43       __imp_load_?computeOBBPoints@Gu@physx@@YAXPEIAVPxVec3@2@AEBV32@1111@Z 0000000180027c43 f   PhysXCommon_64:PhysXCommon_64.dll
 0001:00026c4f       ?computeOBBPoints@Gu@physx@@YAXPEIAVPxVec3@2@AEBV32@1111@Z 0000000180027c4f f   PhysXCommon_64:PhysXCommon_64.dll
 0001:00026c55       __imp_load_??0BigConvexData@physx@@QEAA@XZ 0000000180027c55 f   PhysXCommon_64:PhysXCommon_64.dll
 0001:00026c61       ??0BigConvexData@physx@@QEAA@XZ 0000000180027c61 f   PhysXCommon_64:PhysXCommon_64.dll
 0001:00026c67       __imp_load_??1BigConvexData@physx@@QEAA@XZ 0000000180027c67 f   PhysXCommon_64:PhysXCommon_64.dll
 0001:00026c73       ??1BigConvexData@physx@@QEAA@XZ 0000000180027c73 f   PhysXCommon_64:PhysXCommon_64.dll
 0001:00026c79       __imp_load_PxGetFoundation 0000000180027c79 f   PhysXFoundation_64:PhysXFoundation_64.dll
 0001:00026c85       PxGetFoundation            0000000180027c85 f   PhysXFoundation_64:PhysXFoundation_64.dll
 0001:00026c8b       __tailMerge_physxfoundation_64_dll 0000000180027c8b     PhysXFoundation_64:PhysXFoundation_64.dll
 0001:00026d04       __imp_load_?getAllocator@shdfnd@physx@@YAAEAVPxAllocatorCallback@2@XZ 0000000180027d04 f   PhysXFoundation_64:PhysXFoundation_64.dll
 0001:00026d10       ?getAllocator@shdfnd@physx@@YAAEAVPxAllocatorCallback@2@XZ 0000000180027d10 f   PhysXFoundation_64:PhysXFoundation_64.dll
 0001:00026d16       __imp_load_?getInstance@Foundation@shdfnd@physx@@SAAEAV123@XZ 0000000180027d16 f   PhysXFoundation_64:PhysXFoundation_64.dll
 0001:00026d22       ?getInstance@Foundation@shdfnd@physx@@SAAEAV123@XZ 0000000180027d22 f   PhysXFoundation_64:PhysXFoundation_64.dll
 0001:00026d28       __imp_load_?error@Foundation@shdfnd@physx@@QEAAXW4Enum@PxErrorCode@3@PEBDH1ZZ 0000000180027d28 f   PhysXFoundation_64:PhysXFoundation_64.dll
 0001:00026d34       ?error@Foundation@shdfnd@physx@@QEAAXW4Enum@PxErrorCode@3@PEBDH1ZZ 0000000180027d34 f   PhysXFoundation_64:PhysXFoundation_64.dll
 0001:00026d3a       __imp_load_?incRefCount@Foundation@shdfnd@physx@@SAXXZ 0000000180027d3a f   PhysXFoundation_64:PhysXFoundation_64.dll
 0001:00026d46       ?incRefCount@Foundation@shdfnd@physx@@SAXXZ 0000000180027d46 f   PhysXFoundation_64:PhysXFoundation_64.dll
 0001:00026d4c       __imp_load_?decRefCount@Foundation@shdfnd@physx@@SAXXZ 0000000180027d4c f   PhysXFoundation_64:PhysXFoundation_64.dll
 0001:00026d58       ?decRefCount@Foundation@shdfnd@physx@@SAXXZ 0000000180027d58 f   PhysXFoundation_64:PhysXFoundation_64.dll
 0001:00026d5e       __imp_load_??0FPUGuard@shdfnd@physx@@QEAA@XZ 0000000180027d5e f   PhysXFoundation_64:PhysXFoundation_64.dll
 0001:00026d6a       ??0FPUGuard@shdfnd@physx@@QEAA@XZ 0000000180027d6a f   PhysXFoundation_64:PhysXFoundation_64.dll
 0001:00026d70       __imp_load_??1FPUGuard@shdfnd@physx@@QEAA@XZ 0000000180027d70 f   PhysXFoundation_64:PhysXFoundation_64.dll
 0001:00026d7c       ??1FPUGuard@shdfnd@physx@@QEAA@XZ 0000000180027d7c f   PhysXFoundation_64:PhysXFoundation_64.dll
 0001:00026d82       __imp_load_?allocate@TempAllocator@shdfnd@physx@@QEAAPEAX_KPEBDH@Z 0000000180027d82 f   PhysXFoundation_64:PhysXFoundation_64.dll
 0001:00026d8e       ?allocate@TempAllocator@shdfnd@physx@@QEAAPEAX_KPEBDH@Z 0000000180027d8e f   PhysXFoundation_64:PhysXFoundation_64.dll
 0001:00026d94       __imp_load_?deallocate@TempAllocator@shdfnd@physx@@QEAAXPEAX@Z 0000000180027d94 f   PhysXFoundation_64:PhysXFoundation_64.dll
 0001:00026da0       ?deallocate@TempAllocator@shdfnd@physx@@QEAAXPEAX@Z 0000000180027da0 f   PhysXFoundation_64:PhysXFoundation_64.dll
 0001:00026da6       __imp_load_?PxDiagonalize@physx@@YA?AVPxVec3@1@AEBVPxMat33@1@AEAVPxQuat@1@@Z 0000000180027da6 f   PhysXFoundation_64:PhysXFoundation_64.dll
 0001:00026db2       ?PxDiagonalize@physx@@YA?AVPxVec3@1@AEBVPxMat33@1@AEAVPxQuat@1@@Z 0000000180027db2 f   PhysXFoundation_64:PhysXFoundation_64.dll
 0001:00026db8       ?DloadAcquireSectionWriteAccess@@YAXXZ 0000000180027db8 f i Delayimp:delayhlp.obj
 0001:00026e64       ?DloadGetSRWLockFunctionPointers@@YAEXZ 0000000180027e64 f i Delayimp:delayhlp.obj
 0001:00026f00       ?DloadMakePermanentImageCommit@@YAXPEAX_K@Z 0000000180027f00 f i Delayimp:delayhlp.obj
 0001:00026f98       ?DloadObtainSection@@YAPEAXPEAK0@Z 0000000180027f98 f i Delayimp:delayhlp.obj
 0001:00027034       ?DloadProtectSection@@YAXKPEAK@Z 0000000180028034 f i Delayimp:delayhlp.obj
 0001:000270c4       ?DloadReleaseSectionWriteAccess@@YAXXZ 00000001800280c4 f i Delayimp:delayhlp.obj
 0001:00027158       __delayLoadHelper2         0000000180028158 f   Delayimp:delayhlp.obj
 0001:0002742c       ??3@YAXPEAX_K@Z            000000018002842c f   LIBCMT:delete_scalar_size.obj
 0001:0002742c       ??_V@YAXPEAX@Z             000000018002842c f   LIBCMT:delete_array.obj
 0001:00027434       ??_Etype_info@@UEAAPEAXI@Z 0000000180028434 f i LIBCMT:std_type_info_static.obj
 0001:00027434       ??_Gtype_info@@UEAAPEAXI@Z 0000000180028434 f i LIBCMT:std_type_info_static.obj
 0001:00027460       ?__scrt_initialize_type_info@@YAXXZ 0000000180028460 f   LIBCMT:tncleanup.obj
 0001:00027470       ?__scrt_uninitialize_type_info@@YAXXZ 0000000180028470 f   LIBCMT:tncleanup.obj
 0001:00027490       __chkstk                   0000000180028490 f   LIBCMT:chkstk.obj
 0001:00027490       _alloca_probe              0000000180028490 f   LIBCMT:chkstk.obj
 0001:000274e0       ??3@YAXPEAX@Z              00000001800284e0 f   LIBCMT:delete_scalar.obj
 0001:000274f0       __vdecl_sinf4              00000001800284f0 f   LIBCMT:svml_ssinf4_dispatch.obj
 0001:00027510       __libm_sse2_sincosf_       0000000180028510 f   LIBCMT:svml_ssinf4_dispatch.obj
 0001:00027553       __libm_sse2_sincosf4_      0000000180028553 f   LIBCMT:svml_ssinf4_dispatch.obj
 0001:00027880       _DllMainCRTStartup         0000000180028880 f   LIBCMT:dll_dllmain.obj
 0001:000278c0       __isa_available_init       00000001800288c0 f   LIBCMT:cpu_disp.obj
 0001:00027a70       __sse2_sinf4@@16           0000000180028a70 f   LIBCMT:svml_ssinf4_sse2.obj
 0001:000283b0       __sse4_sinf4@@16           00000001800293b0 f   LIBCMT:svml_ssinf4_sse4.obj
 0001:00028b24       __security_init_cookie     0000000180029b24 f   LIBCMT:gs_support.obj
 0001:00028bd0       __local_stdio_printf_options 0000000180029bd0 f i LIBCMT:default_local_stdio_options.obj
 0001:00028bd8       __local_stdio_scanf_options 0000000180029bd8 f i LIBCMT:default_local_stdio_options.obj
 0001:00028be0       __scrt_initialize_default_local_stdio_options 0000000180029be0 f   LIBCMT:default_local_stdio_options.obj
 0001:00028bfc       __scrt_acquire_startup_lock 0000000180029bfc f   LIBCMT:utility.obj
 0001:00028c38       __scrt_dllmain_after_initialize_c 0000000180029c38 f   LIBCMT:utility.obj
 0001:00028c6c       __scrt_dllmain_before_initialize_c 0000000180029c6c f   LIBCMT:utility.obj
 0001:00028c84       __scrt_dllmain_crt_thread_attach 0000000180029c84 f   LIBCMT:utility.obj
 0001:00028cac       __scrt_dllmain_crt_thread_detach 0000000180029cac f   LIBCMT:utility.obj
 0001:00028cc4       __scrt_dllmain_exception_filter 0000000180029cc4 f   LIBCMT:utility.obj
 0001:00028d24       __scrt_dllmain_uninitialize_c 0000000180029d24 f   LIBCMT:utility.obj
 0001:00028d54       __scrt_dllmain_uninitialize_critical 0000000180029d54 f   LIBCMT:utility.obj
 0001:00028d68       __scrt_initialize_crt      0000000180029d68 f   LIBCMT:utility.obj
 0001:00028db4       __scrt_initialize_onexit_tables 0000000180029db4 f   LIBCMT:utility.obj
 0001:00028e40       __scrt_is_nonwritable_in_current_image 0000000180029e40 f   LIBCMT:utility.obj
 0001:00028ed8       __scrt_release_startup_lock 0000000180029ed8 f   LIBCMT:utility.obj
 0001:00028efc       __scrt_uninitialize_crt    0000000180029efc f   LIBCMT:utility.obj
 0001:00028f28       __scrt_get_dyn_tls_init_callback 0000000180029f28 f   LIBCMT:dyn_tls_init.obj
 0001:00028f30       __crt_debugger_hook        0000000180029f30 f   LIBCMT:utility_desktop.obj
 0001:00028f38       __scrt_fastfail            0000000180029f38 f   LIBCMT:utility_desktop.obj
 0001:00029084       _RTC_Initialize            000000018002a084 f   LIBCMT:initsect.obj
 0001:000290c0       _RTC_Terminate             000000018002a0c0 f   LIBCMT:initsect.obj
 0001:00029100       __common_ssin_cout_rare    000000018002a100 f   LIBCMT:svml_s_sin_cout.obj
 0001:00029170       __scrt_is_ucrt_dll_in_use  000000018002a170 f   LIBCMT:ucrt_detection.obj
 0001:0002917c       _get_purecall_handler      000000018002a17c f   libvcruntime:purevirt.obj
 0001:00029188       _purecall                  000000018002a188 f   libvcruntime:purevirt.obj
 0001:000291ac       __std_type_info_compare    000000018002a1ac f   libvcruntime:std_type_info.obj
 0001:000291d4       __std_type_info_destroy_list 000000018002a1d4 f   libvcruntime:std_type_info.obj
 0001:00029200       __std_type_info_name       000000018002a200 f   libvcruntime:std_type_info.obj
 0001:00029330       memset_repmovs             000000018002a330 f   libvcruntime:memset.obj
 0001:00029350       memset                     000000018002a350 f   libvcruntime:memset.obj
 0001:000294f0       memcpy_repmovs             000000018002a4f0 f   libvcruntime:memcpy.obj
 0001:00029510       memmove                    000000018002a510 f   libvcruntime:memcpy.obj
 0001:00029510       memcpy                     000000018002a510 f   libvcruntime:memcpy.obj
 0001:00029b88       strstr                     000000018002ab88 f   libvcruntime:strstr.obj
 0001:00029d84       __C_specific_handler       000000018002ad84 f   libvcruntime:riscchandler.obj
 0001:00029f90       __vcrt_initialize          000000018002af90 f   libvcruntime:initialization.obj
 0001:00029fb8       __vcrt_thread_attach       000000018002afb8 f   libvcruntime:initialization.obj
 0001:00029fcc       __vcrt_thread_detach       000000018002afcc f   libvcruntime:initialization.obj
 0001:00029fe0       __vcrt_uninitialize        000000018002afe0 f   libvcruntime:initialization.obj
 0001:00029ffc       __vcrt_uninitialize_critical 000000018002affc f   libvcruntime:initialization.obj
 0001:0002a00c       __DestructExceptionObject  000000018002b00c f   libvcruntime:ehhelpers.obj
 0001:0002a07c       ?_CallMemberFunction0@@YAXQEAX0@Z 000000018002b07c f i libvcruntime:ehhelpers.obj
 0001:0002a080       _IsExceptionObjectToBeDestroyed 000000018002b080 f   libvcruntime:ehhelpers.obj
 0001:0002a0b0       __AdjustPointer            000000018002b0b0 f   libvcruntime:ehhelpers.obj
 0001:0002a0d4       __FrameUnwindFilter        000000018002b0d4 f   libvcruntime:ehhelpers.obj
 0001:0002a13c       ??$?0$00@DName@@QEAA@PEBDU?$StringLifeSelector@$00@@@Z 000000018002b13c f i libvcruntime:undname.obj
 0001:0002a17c       ??$?0$01@DName@@QEAA@PEBDU?$StringLifeSelector@$01@@@Z 000000018002b17c f i libvcruntime:undname.obj
 0001:0002a17c       ??$?0$0A@@DName@@QEAA@PEBDU?$StringLifeSelector@$0A@@@@Z 000000018002b17c f i libvcruntime:undname.obj
 0001:0002a1bc       ??$?0$0A@@pcharNode@@QEAA@PEBDHU?$StringLifeSelector@$0A@@@@Z 000000018002b1bc f i libvcruntime:undname.obj
 0001:0002a1bc       ??$?0$01@pcharNode@@QEAA@PEBDHU?$StringLifeSelector@$01@@@Z 000000018002b1bc f i libvcruntime:undname.obj
 0001:0002a230       ??$append@VpcharNode@@@DName@@AEAAXPEBVpcharNode@@@Z 000000018002b230 f i libvcruntime:undname.obj
 0001:0002a230       ??$append@VcharNode@@@DName@@AEAAXPEBVcharNode@@@Z 000000018002b230 f i libvcruntime:undname.obj
 0001:0002a230       ??$append@VDNameStatusNode@@@DName@@AEAAXPEBVDNameStatusNode@@@Z 000000018002b230 f i libvcruntime:undname.obj
 0001:0002a230       ??$append@VDNameNode@@@DName@@AEAAXPEBVDNameNode@@@Z 000000018002b230 f i libvcruntime:undname.obj
 0001:0002a294       ??$doPchar@$00@DName@@AEAAXPEBDH@Z 000000018002b294 f i libvcruntime:undname.obj
 0001:0002a338       ??$doPchar@$0A@@DName@@AEAAXPEBDH@Z 000000018002b338 f i libvcruntime:undname.obj
 0001:0002a338       ??$doPchar@$01@DName@@AEAAXPEBDH@Z 000000018002b338 f i libvcruntime:undname.obj
 0001:0002a3d0       ??0DName@@QEAA@AEAPEBDD@Z  000000018002b3d0 f   libvcruntime:undname.obj
 0001:0002a480       ??0DName@@QEAA@AEBUStringLiteral@@@Z 000000018002b480 f   libvcruntime:undname.obj
 0001:0002a4ac       ??0DName@@QEAA@PEAV0@@Z    000000018002b4ac f   libvcruntime:undname.obj
 0001:0002a530       ??0DName@@QEAA@_J@Z        000000018002b530 f   libvcruntime:undname.obj
 0001:0002a5d8       ??0DName@@QEAA@_K@Z        000000018002b5d8 f   libvcruntime:undname.obj
 0001:0002a668       ??2@YAPEAX_KAEAV_HeapManager@@H@Z 000000018002b668 f   libvcruntime:undname.obj
 0001:0002a694       ??AReplicator@@QEBA?AVDName@@H@Z 000000018002b694 f   libvcruntime:undname.obj
 0001:0002a6d4       ??HDName@@QEBA?AV0@AEBUStringLiteral@@@Z 000000018002b6d4 f   libvcruntime:undname.obj
 0001:0002a700       ??HDName@@QEBA?AV0@AEBV0@@Z 000000018002b700 f   libvcruntime:undname.obj
 0001:0002a72c       ??HDName@@QEBA?AV0@D@Z     000000018002b72c f   libvcruntime:undname.obj
 0001:0002a758       ??HDName@@QEBA?AV0@W4DNameStatus@@@Z 000000018002b758 f   libvcruntime:undname.obj
 0001:0002a784       ??YDName@@QEAAAEAV0@AEBUStringLiteral@@@Z 000000018002b784 f   libvcruntime:undname.obj
 0001:0002a804       ??YDName@@QEAAAEAV0@AEBV0@@Z 000000018002b804 f   libvcruntime:undname.obj
 0001:0002a8b8       ??YDName@@QEAAAEAV0@D@Z    000000018002b8b8 f   libvcruntime:undname.obj
 0001:0002a924       ??YDName@@QEAAAEAV0@W4DNameStatus@@@Z 000000018002b924 f   libvcruntime:undname.obj
 0001:0002a990       ??YReplicator@@QEAAAEAV0@AEBVDName@@@Z 000000018002b990 f   libvcruntime:undname.obj
 0001:0002a9e8       ?UScore@UnDecorator@@SA?AUStringLiteral@@W4Tokens@@@Z 000000018002b9e8 f   libvcruntime:undname.obj
 0001:0002aa34       ?composeDeclaration@UnDecorator@@CA?AVDName@@AEBV2@@Z 000000018002ba34 f i libvcruntime:undname.obj
 0001:0002b8dc       ?doPchar@DName@@AEAAXD@Z   000000018002c8dc f   libvcruntime:undname.obj
 0001:0002b92c       ?getAddressOf@UnDecorator@@CA?AVDName@@XZ 000000018002c92c f   libvcruntime:undname.obj
 0001:0002b9bc       ?getArgumentList@UnDecorator@@CA?AVDName@@XZ 000000018002c9bc f   libvcruntime:undname.obj
 0001:0002bb50       ?getArgumentTypes@UnDecorator@@CA?AVDName@@XZ 000000018002cb50 f   libvcruntime:undname.obj
 0001:0002bcac       ?getArrayAccess@UnDecorator@@CA?AVDName@@XZ 000000018002ccac f   libvcruntime:undname.obj
[...]
 0002:00011b56       $N00049                    0000000180057b56     PhysXCooking_64.exp
 0002:00011b84       $N00050                    0000000180057b84     PhysXCooking_64.exp
 0002:00011baf       $N00051                    0000000180057baf     PhysXCooking_64.exp
 0002:00011bdc       $N00052                    0000000180057bdc     PhysXCooking_64.exp
 0002:00011c05       $N00053                    0000000180057c05     PhysXCooking_64.exp
 0002:00011c34       $N00054                    0000000180057c34     PhysXCooking_64.exp
 0002:00011c5d       $N00055                    0000000180057c5d     PhysXCooking_64.exp
 0002:00011c86       $N00056                    0000000180057c86     PhysXCooking_64.exp
 0002:00011cb4       $N00057                    0000000180057cb4     PhysXCooking_64.exp
 0002:00011cdc       $N00058                    0000000180057cdc     PhysXCooking_64.exp
 0002:00011d17       $N00059                    0000000180057d17     PhysXCooking_64.exp
 0002:00011d41       $N00060                    0000000180057d41     PhysXCooking_64.exp
 0002:00011d75       $N00061                    0000000180057d75     PhysXCooking_64.exp
 0002:00011dab       $N00062                    0000000180057dab     PhysXCooking_64.exp
 0002:00011de7       $N00063                    0000000180057de7     PhysXCooking_64.exp
 0002:00011e2f       $N00064                    0000000180057e2f     PhysXCooking_64.exp
 0002:00011e7f       $N00065                    0000000180057e7f     PhysXCooking_64.exp
 0002:00011eb3       $N00066                    0000000180057eb3     PhysXCooking_64.exp
 0002:00011ee8       $N00067                    0000000180057ee8     PhysXCooking_64.exp
 0002:00011f1e       $N00068                    0000000180057f1e     PhysXCooking_64.exp
 0002:00011f45       $N00069                    0000000180057f45     PhysXCooking_64.exp
 0002:00011f8d       $N00070                    0000000180057f8d     PhysXCooking_64.exp
 0002:00011fd3       $N00071                    0000000180057fd3     PhysXCooking_64.exp
 0002:0001202b       $N00072                    000000018005802b     PhysXCooking_64.exp
 0002:00012072       $N00073                    0000000180058072     PhysXCooking_64.exp
 0002:0001209d       $N00074                    000000018005809d     PhysXCooking_64.exp
 0002:000120cd       $N00075                    00000001800580cd     PhysXCooking_64.exp
 0002:0001211d       $N00076                    000000018005811d     PhysXCooking_64.exp
 0002:000121cc       $N00077                    00000001800581cc     PhysXCooking_64.exp
 0002:0001222a       $N00078                    000000018005822a     PhysXCooking_64.exp
 0002:00012256       $N00079                    0000000180058256     PhysXCooking_64.exp
 0002:00012282       $N00080                    0000000180058282     PhysXCooking_64.exp
 0002:000122b7       $N00081                    00000001800582b7     PhysXCooking_64.exp
 0002:000122e0       $N00082                    00000001800582e0     PhysXCooking_64.exp
 0002:0001231c       $N00083                    000000018005831c     PhysXCooking_64.exp
 0002:00012348       $N00084                    0000000180058348     PhysXCooking_64.exp
 0002:0001237b       $N00085                    000000018005837b     PhysXCooking_64.exp
 0002:000123c8       $N00086                    00000001800583c8     PhysXCooking_64.exp
 0002:000123fb       $N00087                    00000001800583fb     PhysXCooking_64.exp
 0002:00012435       $N00088                    0000000180058435     PhysXCooking_64.exp
 0002:0001246f       $N00089                    000000018005846f     PhysXCooking_64.exp
 0002:000124ab       $N00090                    00000001800584ab     PhysXCooking_64.exp
 0002:000124ef       $N00091                    00000001800584ef     PhysXCooking_64.exp
 0002:0001251e       $N00092                    000000018005851e     PhysXCooking_64.exp
 0002:00012598       $N00093                    0000000180058598     PhysXCooking_64.exp
 0002:000125f5       $N00094                    00000001800585f5     PhysXCooking_64.exp
 0002:00012621       $N00095                    0000000180058621     PhysXCooking_64.exp
 0002:00012655       $N00096                    0000000180058655     PhysXCooking_64.exp
 0002:0001268e       $N00097                    000000018005868e     PhysXCooking_64.exp
 0002:000126cb       $N00098                    00000001800586cb     PhysXCooking_64.exp
 0002:00012701       $N00099                    0000000180058701     PhysXCooking_64.exp
 0002:0001272e       $N00100                    000000018005872e     PhysXCooking_64.exp
 0002:0001275b       $N00101                    000000018005875b     PhysXCooking_64.exp
 0002:00012786       $N00102                    0000000180058786     PhysXCooking_64.exp
 0002:000127b2       $N00103                    00000001800587b2     PhysXCooking_64.exp
 0002:000127df       $N00104                    00000001800587df     PhysXCooking_64.exp
 0002:000127ff       $N00105                    00000001800587ff     PhysXCooking_64.exp
 0002:0001283b       $N00106                    000000018005883b     PhysXCooking_64.exp
 0002:0001286c       $N00107                    000000018005886c     PhysXCooking_64.exp
 0002:0001289e       $N00108                    000000018005889e     PhysXCooking_64.exp
 0002:000128e0       $N00109                    00000001800588e0     PhysXCooking_64.exp
 0002:0001290d       $N00110                    000000018005890d     PhysXCooking_64.exp
 0002:00012931       $N00111                    0000000180058931     PhysXCooking_64.exp
 0002:00012961       $N00112                    0000000180058961     PhysXCooking_64.exp
 0002:00012994       $N00113                    0000000180058994     PhysXCooking_64.exp
 0002:000129b9       $N00114                    00000001800589b9     PhysXCooking_64.exp
 0002:000129e7       $N00115                    00000001800589e7     PhysXCooking_64.exp
 0002:00012a0f       $N00116                    0000000180058a0f     PhysXCooking_64.exp
 0002:00012a2f       $N00117                    0000000180058a2f     PhysXCooking_64.exp
 0002:00012a74       $N00118                    0000000180058a74     PhysXCooking_64.exp
 0002:00012ab1       $N00119                    0000000180058ab1     PhysXCooking_64.exp
 0002:00012aee       $N00120                    0000000180058aee     PhysXCooking_64.exp
 0002:00012b21       $N00121                    0000000180058b21     PhysXCooking_64.exp
 0002:00012b31       $N00122                    0000000180058b31     PhysXCooking_64.exp
 0002:00012de0       .idata$6                   0000000180058de0     kernel32:KERNEL32.dll
 0003:00000000       ?MAXDOT_MINANG@local@@3MB  000000018005a000     ConvexHullUtils.obj
 0003:00000004       ?MAXDOT_MINANG@local@@3MB  000000018005a004     QuickHullConvexHullLib.obj
 0003:00000060       ?prefix@?1??getDimension@UnDecorator@@CA?AVDName@@_N@Z@4UStringLiteral@@A 000000018005a060     libvcruntime:undname.obj
 0003:00000070       ?__vcrt_flsindex@@3KA      000000018005a070     libvcruntime:per_thread_data.obj
 0003:00000090       ?dazSupported@?1??_ctrlfp@@9@9 000000018005a090     libucrt:fpctrl.obj
 0003:000000a0       ?__acrt_flsindex@@3KA      000000018005a0a0     libucrt:per_thread_data.obj
 0003:000000a4       ?errno_no_memory@@3HA      000000018005a0a4     libucrt:errno.obj
 0003:000000a8       ?doserrno_no_memory@@3KA   000000018005a0a8     libucrt:errno.obj
 0003:000002e0       _mbctypes                  000000018005a2e0     libucrt:mbctype.obj
 0003:000003f0       _mbcasemaps                000000018005a3f0     libucrt:mbctype.obj
 0003:000004f0       ?__rgctypeflag@@3PADA      000000018005a4f0     libucrt:mbctype.obj
 0003:00000500       ?__rgcode_page_info@@3PAUcode_page_info@@A 000000018005a500     libucrt:mbctype.obj
 0003:00000a20       ?__dcrt_lowio_console_output_handle@@3PEAXEA 000000018005aa20     libucrt:initcon.obj
 0003:00000a28       ?dazSupported@?1??common_control87@@9@9 000000018005aa28     libucrt:ieee.obj
 0003:00001290       ?maxV3Error@_VecMathTests@aos@shdfnd@physx@@3T__m128@@B 000000018005b290     Cooking.obj
 0003:000012a0       ?minFError@_VecMathTests@aos@shdfnd@physx@@3T__m128@@B 000000018005b2a0     Cooking.obj
 0003:000012b0       ?maxV4Error@_VecMathTests@aos@shdfnd@physx@@3T__m128@@B 000000018005b2b0     Cooking.obj
 0003:000012c0       ?minV4Error@_VecMathTests@aos@shdfnd@physx@@3T__m128@@B 000000018005b2c0     Cooking.obj
 0003:000012d0       ?minV3Error@_VecMathTests@aos@shdfnd@physx@@3T__m128@@B 000000018005b2d0     Cooking.obj
 0003:000012e0       ?maxFError@_VecMathTests@aos@shdfnd@physx@@3T__m128@@B 000000018005b2e0     Cooking.obj
 0003:000012f0       ?maxV3Error@_VecMathTests@aos@shdfnd@physx@@3T__m128@@B 000000018005b2f0     BVHStructureBuilder.obj
 0003:00001300       ?minFError@_VecMathTests@aos@shdfnd@physx@@3T__m128@@B 000000018005b300     BVHStructureBuilder.obj
 0003:00001310       ?maxV4Error@_VecMathTests@aos@shdfnd@physx@@3T__m128@@B 000000018005b310     BVHStructureBuilder.obj
 0003:00001320       ?minV4Error@_VecMathTests@aos@shdfnd@physx@@3T__m128@@B 000000018005b320     BVHStructureBuilder.obj
 0003:00001330       ?minV3Error@_VecMathTests@aos@shdfnd@physx@@3T__m128@@B 000000018005b330     BVHStructureBuilder.obj
 0003:00001340       ?maxFError@_VecMathTests@aos@shdfnd@physx@@3T__m128@@B 000000018005b340     BVHStructureBuilder.obj
 0003:00001350       ?maxV3Error@_VecMathTests@aos@shdfnd@physx@@3T__m128@@B 000000018005b350     RTreeCooking.obj
 0003:00001360       ?minFError@_VecMathTests@aos@shdfnd@physx@@3T__m128@@B 000000018005b360     RTreeCooking.obj
 0003:00001370       ?maxV4Error@_VecMathTests@aos@shdfnd@physx@@3T__m128@@B 000000018005b370     RTreeCooking.obj
 0003:00001380       ?minV4Error@_VecMathTests@aos@shdfnd@physx@@3T__m128@@B 000000018005b380     RTreeCooking.obj
 0003:00001390       ?minV3Error@_VecMathTests@aos@shdfnd@physx@@3T__m128@@B 000000018005b390     RTreeCooking.obj
 0003:000013a0       ?maxFError@_VecMathTests@aos@shdfnd@physx@@3T__m128@@B 000000018005b3a0     RTreeCooking.obj
 0003:000013b0       ?maxV3Error@_VecMathTests@aos@shdfnd@physx@@3T__m128@@B 000000018005b3b0     MeshBuilder.obj
 0003:000013c0       ?minFError@_VecMathTests@aos@shdfnd@physx@@3T__m128@@B 000000018005b3c0     MeshBuilder.obj
 0003:000013d0       ?maxV4Error@_VecMathTests@aos@shdfnd@physx@@3T__m128@@B 000000018005b3d0     MeshBuilder.obj
 0003:000013e0       ?minV4Error@_VecMathTests@aos@shdfnd@physx@@3T__m128@@B 000000018005b3e0     MeshBuilder.obj
 0003:000013f0       ?minV3Error@_VecMathTests@aos@shdfnd@physx@@3T__m128@@B 000000018005b3f0     MeshBuilder.obj
 0003:00001400       ?maxFError@_VecMathTests@aos@shdfnd@physx@@3T__m128@@B 000000018005b400     MeshBuilder.obj
 0003:00001410       ?maxV3Error@_VecMathTests@aos@shdfnd@physx@@3T__m128@@B 000000018005b410     TriangleMeshBuilder.obj
 0003:00001420       ?minFError@_VecMathTests@aos@shdfnd@physx@@3T__m128@@B 000000018005b420     TriangleMeshBuilder.obj
 0003:00001430       ?maxV4Error@_VecMathTests@aos@shdfnd@physx@@3T__m128@@B 000000018005b430     TriangleMeshBuilder.obj
 0003:00001440       ?minV4Error@_VecMathTests@aos@shdfnd@physx@@3T__m128@@B 000000018005b440     TriangleMeshBuilder.obj
 0003:00001450       ?minV3Error@_VecMathTests@aos@shdfnd@physx@@3T__m128@@B 000000018005b450     TriangleMeshBuilder.obj
 0003:00001460       ?maxFError@_VecMathTests@aos@shdfnd@physx@@3T__m128@@B 000000018005b460     TriangleMeshBuilder.obj
 0003:00001470       ?maxV3Error@_VecMathTests@aos@shdfnd@physx@@3T__m128@@B 000000018005b470     BigConvexDataBuilder.obj
 0003:00001480       ?minFError@_VecMathTests@aos@shdfnd@physx@@3T__m128@@B 000000018005b480     BigConvexDataBuilder.obj
 0003:00001490       ?maxV4Error@_VecMathTests@aos@shdfnd@physx@@3T__m128@@B 000000018005b490     BigConvexDataBuilder.obj
 0003:000014a0       ?minV4Error@_VecMathTests@aos@shdfnd@physx@@3T__m128@@B 000000018005b4a0     BigConvexDataBuilder.obj
 0003:000014b0       ?minV3Error@_VecMathTests@aos@shdfnd@physx@@3T__m128@@B 000000018005b4b0     BigConvexDataBuilder.obj
 0003:000014c0       ?maxFError@_VecMathTests@aos@shdfnd@physx@@3T__m128@@B 000000018005b4c0     BigConvexDataBuilder.obj
 0003:000014d0       ?maxV3Error@_VecMathTests@aos@shdfnd@physx@@3T__m128@@B 000000018005b4d0     ConvexHullBuilder.obj
 0003:000014e0       ?minFError@_VecMathTests@aos@shdfnd@physx@@3T__m128@@B 000000018005b4e0     ConvexHullBuilder.obj
 0003:000014f0       ?maxV4Error@_VecMathTests@aos@shdfnd@physx@@3T__m128@@B 000000018005b4f0     ConvexHullBuilder.obj
 0003:00001500       ?minV4Error@_VecMathTests@aos@shdfnd@physx@@3T__m128@@B 000000018005b500     ConvexHullBuilder.obj
 0003:00001510       ?minV3Error@_VecMathTests@aos@shdfnd@physx@@3T__m128@@B 000000018005b510     ConvexHullBuilder.obj
 0003:00001520       ?maxFError@_VecMathTests@aos@shdfnd@physx@@3T__m128@@B 000000018005b520     ConvexHullBuilder.obj
 0003:00001530       ?maxV3Error@_VecMathTests@aos@shdfnd@physx@@3T__m128@@B 000000018005b530     ConvexHullUtils.obj
 0003:00001540       ?minFError@_VecMathTests@aos@shdfnd@physx@@3T__m128@@B 000000018005b540     ConvexHullUtils.obj
 0003:00001550       ?maxV4Error@_VecMathTests@aos@shdfnd@physx@@3T__m128@@B 000000018005b550     ConvexHullUtils.obj
 0003:00001560       ?minV4Error@_VecMathTests@aos@shdfnd@physx@@3T__m128@@B 000000018005b560     ConvexHullUtils.obj
 0003:00001570       ?minV3Error@_VecMathTests@aos@shdfnd@physx@@3T__m128@@B 000000018005b570     ConvexHullUtils.obj
 0003:00001580       ?maxFError@_VecMathTests@aos@shdfnd@physx@@3T__m128@@B 000000018005b580     ConvexHullUtils.obj
 0003:00001590       ?maxV3Error@_VecMathTests@aos@shdfnd@physx@@3T__m128@@B 000000018005b590     ConvexMeshBuilder.obj
 0003:000015a0       ?minFError@_VecMathTests@aos@shdfnd@physx@@3T__m128@@B 000000018005b5a0     ConvexMeshBuilder.obj
 0003:000015b0       ?maxV4Error@_VecMathTests@aos@shdfnd@physx@@3T__m128@@B 000000018005b5b0     ConvexMeshBuilder.obj
 0003:000015c0       ?minV4Error@_VecMathTests@aos@shdfnd@physx@@3T__m128@@B 000000018005b5c0     ConvexMeshBuilder.obj
 0003:000015d0       ?minV3Error@_VecMathTests@aos@shdfnd@physx@@3T__m128@@B 000000018005b5d0     ConvexMeshBuilder.obj
 0003:000015e0       ?maxFError@_VecMathTests@aos@shdfnd@physx@@3T__m128@@B 000000018005b5e0     ConvexMeshBuilder.obj
 0003:000015f0       ?maxV3Error@_VecMathTests@aos@shdfnd@physx@@3T__m128@@B 000000018005b5f0     VolumeIntegration.obj
 0003:00001600       ?minFError@_VecMathTests@aos@shdfnd@physx@@3T__m128@@B 000000018005b600     VolumeIntegration.obj
 0003:00001610       ?maxV4Error@_VecMathTests@aos@shdfnd@physx@@3T__m128@@B 000000018005b610     VolumeIntegration.obj
 0003:00001620       ?minV4Error@_VecMathTests@aos@shdfnd@physx@@3T__m128@@B 000000018005b620     VolumeIntegration.obj
 0003:00001630       ?minV3Error@_VecMathTests@aos@shdfnd@physx@@3T__m128@@B 000000018005b630     VolumeIntegration.obj
 0003:00001640       ?maxFError@_VecMathTests@aos@shdfnd@physx@@3T__m128@@B 000000018005b640     VolumeIntegration.obj
 0003:00001650       ?gCookingDelayLoadHook@@3PEBVPxDelayLoadHook@physx@@EB 000000018005b650     WindowsCookingDelayLoadHook.obj
 0003:000016b0       ?__proc_attached@@3HA      000000018005b6b0     LIBCMT:dll_dllmain.obj
 0003:000016e8       ?is_initialized_as_dll@@3_NA 000000018005b6e8     LIBCMT:utility.obj
 0003:000016e9       ?module_local_atexit_table_initialized@@3_NA 000000018005b6e9     LIBCMT:utility.obj
 0003:000016f0       ?module_local_atexit_table@@3U_onexit_table_t@@A 000000018005b6f0     LIBCMT:utility.obj
 0003:00001708       ?module_local_at_quick_exit_table@@3U_onexit_table_t@@A 000000018005b708     LIBCMT:utility.obj
 0003:00001778       ?heap@@3V_HeapManager@@A   000000018005b778     libvcruntime:undname.obj
 0003:000017a0       ?__vcrt_startup_thread_ptd@@3U__vcrt_ptd@@A 000000018005b7a0     libvcruntime:per_thread_data.obj
 0003:00001820       __vcrt_lock_table          000000018005b820     libvcruntime:locks.obj
 0003:00001848       __vcrt_locks_initialized   000000018005b848     libvcruntime:locks.obj
 0003:00001850       ?module_handles@@3PAPEAUHINSTANCE__@@A 000000018005b850     libvcruntime:winapi_downlevel.obj
 0003:00001868       ?function_pointers@@3PAPEAXA 000000018005b868     libvcruntime:winapi_downlevel.obj
 0003:00001890       ?c_termination_complete@@3JA 000000018005b890     libucrt:exit.obj
 0003:00001898       ?thread_local_exit_callback_func@@3P6AXPEAXK0@ZEA 000000018005b898     libucrt:exit.obj
 0003:000018b0       ?program_name@?1???$common_configure_argv@D@@YAHW4_crt_argv_mode@@@Z@4PADA 000000018005b8b0     libucrt:argv_parsing.obj
 0003:00001a10       ?__acrt_lock_table@@3PAU_RTL_CRITICAL_SECTION@@A 000000018005ba10     libucrt:locks.obj
 0003:00001c40       ?__acrt_locks_initialized@@3IA 000000018005bc40     libucrt:locks.obj
 0003:00001c48       ?__acrt_invalid_parameter_handler@@3V?$dual_state_global@P6AXPEB_W00I_K@Z@__crt_state_management@@A 000000018005bc48     libucrt:invalid_parameter.obj
 0003:00001c68       ?fSystemSet@@3HA           000000018005bc68     libucrt:mbctype.obj
 0003:00001c6c       ?initialized@?1??__acrt_initialize_multibyte@@9@4_NA 000000018005bc6c     libucrt:mbctype.obj
 0003:00001ca0       ?module_handles@@3PAPEAUHINSTANCE__@@A 000000018005bca0     libucrt:winapi_thunks.obj
 0003:00001d40       ?encoded_function_pointers@@3PAPEAXA 000000018005bd40     libucrt:winapi_thunks.obj
 0003:00002268       ?__acrt_new_handler@@3V?$dual_state_global@P6AH_K@Z@__crt_state_management@@A 000000018005c268     libucrt:new_handler.obj
 0003:00002270       ?ctrlc_action@@3V?$dual_state_global@P6AXH@Z@__crt_state_management@@A 000000018005c270     libucrt:signal.obj
 0003:00002278       ?ctrlbreak_action@@3V?$dual_state_global@P6AXH@Z@__crt_state_management@@A 000000018005c278     libucrt:signal.obj
 0003:00002280       ?abort_action@@3V?$dual_state_global@P6AXH@Z@__crt_state_management@@A 000000018005c280     libucrt:signal.obj
 0003:00002288       ?term_action@@3V?$dual_state_global@P6AXH@Z@__crt_state_management@@A 000000018005c288     libucrt:signal.obj
 0003:00002290       ?user_matherr@@3V?$dual_state_global@P6AHPEAU_exception@@@Z@__crt_state_management@@A 000000018005c290     libucrt:matherr.obj
 0003:000022c0       ?internal_state@?1??_mbtowc_l@@9@4U_Mbstatet@@A 000000018005c2c0     libucrt:mbtowc.obj
 0003:000022c8       ?enable_percent_n@@3_KA    000000018005c2c8     libucrt:printf_count_output.obj
 0003:000022d4       ?__acrt_global_new_mode@@3V?$dual_state_global@J@__crt_state_management@@A 000000018005c2d4     libucrt:new_mode.obj
 0003:000022e0       ?__acrt_app_type@@3W4_crt_app_type@@A 000000018005c2e0     libucrt:report_runtime_error.obj
 0003:000022e8       ?internal_pst@?1??__mbrtoc32_utf8@__crt_mbstring@@YA_KPEA_UPEBD_KPEAU_Mbstatet@@@Z@4U3@A 000000018005c2e8     libucrt:mbrtoc32.obj
 0003:000022f0       GS_ExceptionRecord         000000018005c2f0     LIBCMT:gs_report.obj
 0003:00002390       GS_ContextRecord           000000018005c390     LIBCMT:gs_report.obj
 0005:00000000       _2il0floatpacket$19        0000000180061000     LIBCMT:svml_ssinf4_sse2.obj
 0005:00002200       _vmlsSinHATab              0000000180063200     LIBCMT:svml_s_sin_cout.obj
 0005:00002210       MsetTab                    0000000180063210     libvcruntime:memset.obj
 0005:00002260       MoveSmall                  0000000180063260     libvcruntime:memcpy.obj
 0005:000022a0       MoveSmallYmm               00000001800632a0     libvcruntime:memcpy.obj
 0005:000022c4       MoveSmallYmmNT             00000001800632c4     libvcruntime:memcpy.obj
 0005:000022e8       MoveSmallXmm               00000001800632e8     libvcruntime:memcpy.obj
 0006:000000a0       $R000000                   00000001800640a0     PhysXCooking.res
 0006:000003d0       $R000330                   00000001800643d0     PhysXCooking.res
